Archive member included to satisfy reference by file (symbol)

d:/ac6/systemworkbench/plugins/fr.ac6.mcu.externaltools.arm-none.win32_1.17.0.201812190825/tools/compiler/bin/../lib/gcc/arm-none-eabi/7.3.1/thumb/v7e-m/fpv4-sp/hard\libgcc.a(_aeabi_uldivmod.o)
                              Drivers/STM32F4xx_HAL_Driver/Src/stm32f4xx_hal_rcc.o (__aeabi_uldivmod)
d:/ac6/systemworkbench/plugins/fr.ac6.mcu.externaltools.arm-none.win32_1.17.0.201812190825/tools/compiler/bin/../lib/gcc/arm-none-eabi/7.3.1/thumb/v7e-m/fpv4-sp/hard\libgcc.a(_udivmoddi4.o)
                              d:/ac6/systemworkbench/plugins/fr.ac6.mcu.externaltools.arm-none.win32_1.17.0.201812190825/tools/compiler/bin/../lib/gcc/arm-none-eabi/7.3.1/thumb/v7e-m/fpv4-sp/hard\libgcc.a(_aeabi_uldivmod.o) (__udivmoddi4)
d:/ac6/systemworkbench/plugins/fr.ac6.mcu.externaltools.arm-none.win32_1.17.0.201812190825/tools/compiler/bin/../lib/gcc/arm-none-eabi/7.3.1/thumb/v7e-m/fpv4-sp/hard\libgcc.a(_dvmd_tls.o)
                              d:/ac6/systemworkbench/plugins/fr.ac6.mcu.externaltools.arm-none.win32_1.17.0.201812190825/tools/compiler/bin/../lib/gcc/arm-none-eabi/7.3.1/thumb/v7e-m/fpv4-sp/hard\libgcc.a(_aeabi_uldivmod.o) (__aeabi_ldiv0)
d:/ac6/systemworkbench/plugins/fr.ac6.mcu.externaltools.arm-none.win32_1.17.0.201812190825/tools/compiler/bin/../lib/gcc/arm-none-eabi/7.3.1/../../../../arm-none-eabi/lib/thumb/v7e-m/fpv4-sp/hard\libc_nano.a(lib_a-errno.o)
                              Core/Src/syscalls.o (__errno)
d:/ac6/systemworkbench/plugins/fr.ac6.mcu.externaltools.arm-none.win32_1.17.0.201812190825/tools/compiler/bin/../lib/gcc/arm-none-eabi/7.3.1/../../../../arm-none-eabi/lib/thumb/v7e-m/fpv4-sp/hard\libc_nano.a(lib_a-exit.o)
                              d:/ac6/systemworkbench/plugins/fr.ac6.mcu.externaltools.arm-none.win32_1.17.0.201812190825/tools/compiler/bin/../lib/gcc/arm-none-eabi/7.3.1/../../../../arm-none-eabi/lib/thumb/v7e-m/fpv4-sp/hard/crt0.o (exit)
d:/ac6/systemworkbench/plugins/fr.ac6.mcu.externaltools.arm-none.win32_1.17.0.201812190825/tools/compiler/bin/../lib/gcc/arm-none-eabi/7.3.1/../../../../arm-none-eabi/lib/thumb/v7e-m/fpv4-sp/hard\libc_nano.a(lib_a-impure.o)
                              d:/ac6/systemworkbench/plugins/fr.ac6.mcu.externaltools.arm-none.win32_1.17.0.201812190825/tools/compiler/bin/../lib/gcc/arm-none-eabi/7.3.1/../../../../arm-none-eabi/lib/thumb/v7e-m/fpv4-sp/hard\libc_nano.a(lib_a-exit.o) (_global_impure_ptr)
d:/ac6/systemworkbench/plugins/fr.ac6.mcu.externaltools.arm-none.win32_1.17.0.201812190825/tools/compiler/bin/../lib/gcc/arm-none-eabi/7.3.1/../../../../arm-none-eabi/lib/thumb/v7e-m/fpv4-sp/hard\libc_nano.a(lib_a-init.o)
                              d:/ac6/systemworkbench/plugins/fr.ac6.mcu.externaltools.arm-none.win32_1.17.0.201812190825/tools/compiler/bin/../lib/gcc/arm-none-eabi/7.3.1/../../../../arm-none-eabi/lib/thumb/v7e-m/fpv4-sp/hard/crt0.o (__libc_init_array)
d:/ac6/systemworkbench/plugins/fr.ac6.mcu.externaltools.arm-none.win32_1.17.0.201812190825/tools/compiler/bin/../lib/gcc/arm-none-eabi/7.3.1/../../../../arm-none-eabi/lib/thumb/v7e-m/fpv4-sp/hard\libc_nano.a(lib_a-memcpy-stub.o)
                              Middlewares/Third_Party/FreeRTOS/Source/CMSIS_RTOS_V2/cmsis_os2.o (memcpy)
d:/ac6/systemworkbench/plugins/fr.ac6.mcu.externaltools.arm-none.win32_1.17.0.201812190825/tools/compiler/bin/../lib/gcc/arm-none-eabi/7.3.1/../../../../arm-none-eabi/lib/thumb/v7e-m/fpv4-sp/hard\libc_nano.a(lib_a-memset.o)
                              d:/ac6/systemworkbench/plugins/fr.ac6.mcu.externaltools.arm-none.win32_1.17.0.201812190825/tools/compiler/bin/../lib/gcc/arm-none-eabi/7.3.1/../../../../arm-none-eabi/lib/thumb/v7e-m/fpv4-sp/hard/crt0.o (memset)
d:/ac6/systemworkbench/plugins/fr.ac6.mcu.externaltools.arm-none.win32_1.17.0.201812190825/tools/compiler/bin/../lib/gcc/arm-none-eabi/7.3.1/../../../../arm-none-eabi/lib/thumb/v7e-m/fpv4-sp/hard\libc_nano.a(lib_a-sprintf.o)
                              Core/Src/main.o (sprintf)
d:/ac6/systemworkbench/plugins/fr.ac6.mcu.externaltools.arm-none.win32_1.17.0.201812190825/tools/compiler/bin/../lib/gcc/arm-none-eabi/7.3.1/../../../../arm-none-eabi/lib/thumb/v7e-m/fpv4-sp/hard\libc_nano.a(lib_a-strlen.o)
                              Core/Src/main.o (strlen)
d:/ac6/systemworkbench/plugins/fr.ac6.mcu.externaltools.arm-none.win32_1.17.0.201812190825/tools/compiler/bin/../lib/gcc/arm-none-eabi/7.3.1/../../../../arm-none-eabi/lib/thumb/v7e-m/fpv4-sp/hard\libc_nano.a(lib_a-nano-svfprintf.o)
                              d:/ac6/systemworkbench/plugins/fr.ac6.mcu.externaltools.arm-none.win32_1.17.0.201812190825/tools/compiler/bin/../lib/gcc/arm-none-eabi/7.3.1/../../../../arm-none-eabi/lib/thumb/v7e-m/fpv4-sp/hard\libc_nano.a(lib_a-sprintf.o) (_svfprintf_r)
[...]
Memory Configuration

Name             Origin             Length             Attributes
RAM              0x20000000         0x00020000         xrw
CCMRAM           0x10000000         0x00010000         xrw
FLASH            0x08000000         0x00100000         xr
*default*        0x00000000         0xffffffff

Linker script and memory map

LOAD d:/ac6/systemworkbench/plugins/fr.ac6.mcu.externaltools.arm-none.win32_1.17.0.201812190825/tools/compiler/bin/../lib/gcc/arm-none-eabi/7.3.1/thumb/v7e-m/fpv4-sp/hard/crti.o
LOAD d:/ac6/systemworkbench/plugins/fr.ac6.mcu.externaltools.arm-none.win32_1.17.0.201812190825/tools/compiler/bin/../lib/gcc/arm-none-eabi/7.3.1/thumb/v7e-m/fpv4-sp/hard/crtbegin.o
LOAD d:/ac6/systemworkbench/plugins/fr.ac6.mcu.externaltools.arm-none.win32_1.17.0.201812190825/tools/compiler/bin/../lib/gcc/arm-none-eabi/7.3.1/../../../../arm-none-eabi/lib/thumb/v7e-m/fpv4-sp/hard/crt0.o
LOAD Core/Src/STM_ENC28_J60.o
LOAD Core/Src/freertos.o
LOAD Core/Src/main.o
LOAD Core/Src/stm32f4xx_hal_msp.o
LOAD Core/Src/stm32f4xx_hal_timebase_tim.o
LOAD Core/Src/stm32f4xx_it.o
LOAD Core/Src/syscalls.o
LOAD Core/Src/system_stm32f4xx.o
LOAD Drivers/STM32F4xx_HAL_Driver/Src/stm32f4xx_hal.o
LOAD Drivers/STM32F4xx_HAL_Driver/Src/stm32f4xx_hal_cortex.o
LOAD Drivers/STM32F4xx_HAL_Driver/Src/stm32f4xx_hal_dma.o
LOAD Drivers/STM32F4xx_HAL_Driver/Src/stm32f4xx_hal_dma_ex.o
LOAD Drivers/STM32F4xx_HAL_Driver/Src/stm32f4xx_hal_exti.o
LOAD Drivers/STM32F4xx_HAL_Driver/Src/stm32f4xx_hal_flash.o
LOAD Drivers/STM32F4xx_HAL_Driver/Src/stm32f4xx_hal_flash_ex.o
LOAD Drivers/STM32F4xx_HAL_Driver/Src/stm32f4xx_hal_flash_ramfunc.o
LOAD Drivers/STM32F4xx_HAL_Driver/Src/stm32f4xx_hal_gpio.o
LOAD Drivers/STM32F4xx_HAL_Driver/Src/stm32f4xx_hal_pwr.o
LOAD Drivers/STM32F4xx_HAL_Driver/Src/stm32f4xx_hal_pwr_ex.o
LOAD Drivers/STM32F4xx_HAL_Driver/Src/stm32f4xx_hal_rcc.o
LOAD Drivers/STM32F4xx_HAL_Driver/Src/stm32f4xx_hal_rcc_ex.o
LOAD Drivers/STM32F4xx_HAL_Driver/Src/stm32f4xx_hal_spi.o
LOAD Drivers/STM32F4xx_HAL_Driver/Src/stm32f4xx_hal_tim.o
LOAD Drivers/STM32F4xx_HAL_Driver/Src/stm32f4xx_hal_tim_ex.o
LOAD Drivers/STM32F4xx_HAL_Driver/Src/stm32f4xx_hal_uart.o
LOAD Middlewares/Third_Party/FreeRTOS/Source/CMSIS_RTOS_V2/cmsis_os2.o
LOAD Middlewares/Third_Party/FreeRTOS/Source/croutine.o
LOAD Middlewares/Third_Party/FreeRTOS/Source/event_groups.o
LOAD Middlewares/Third_Party/FreeRTOS/Source/list.o
LOAD Middlewares/Third_Party/FreeRTOS/Source/queue.o
LOAD Middlewares/Third_Party/FreeRTOS/Source/stream_buffer.o
LOAD Middlewares/Third_Party/FreeRTOS/Source/tasks.o
LOAD Middlewares/Third_Party/FreeRTOS/Source/timers.o
LOAD Middlewares/Third_Party/FreeRTOS/Source/portable/GCC/ARM_CM4F/port.o
LOAD Middlewares/Third_Party/FreeRTOS/Source/portable/MemMang/heap_4.o
LOAD startup/startup_stm32f407xx.o
LOAD d:/ac6/systemworkbench/plugins/fr.ac6.mcu.externaltools.arm-none.win32_1.17.0.201812190825/tools/compiler/bin/../lib/gcc/arm-none-eabi/7.3.1/../../../../arm-none-eabi/lib/thumb/v7e-m/fpv4-sp/hard\libm.a
START GROUP
LOAD d:/ac6/systemworkbench/plugins/fr.ac6.mcu.externaltools.arm-none.win32_1.17.0.201812190825/tools/compiler/bin/../lib/gcc/arm-none-eabi/7.3.1/thumb/v7e-m/fpv4-sp/hard\libgcc.a
LOAD d:/ac6/systemworkbench/plugins/fr.ac6.mcu.externaltools.arm-none.win32_1.17.0.201812190825/tools/compiler/bin/../lib/gcc/arm-none-eabi/7.3.1/../../../../arm-none-eabi/lib/thumb/v7e-m/fpv4-sp/hard\libc_nano.a
END GROUP
START GROUP
LOAD d:/ac6/systemworkbench/plugins/fr.ac6.mcu.externaltools.arm-none.win32_1.17.0.201812190825/tools/compiler/bin/../lib/gcc/arm-none-eabi/7.3.1/thumb/v7e-m/fpv4-sp/hard\libgcc.a
LOAD d:/ac6/systemworkbench/plugins/fr.ac6.mcu.externaltools.arm-none.win32_1.17.0.201812190825/tools/compiler/bin/../lib/gcc/arm-none-eabi/7.3.1/../../../../arm-none-eabi/lib/thumb/v7e-m/fpv4-sp/hard\libc_nano.a
LOAD d:/ac6/systemworkbench/plugins/fr.ac6.mcu.externaltools.arm-none.win32_1.17.0.201812190825/tools/compiler/bin/../lib/gcc/arm-none-eabi/7.3.1/../../../../arm-none-eabi/lib/thumb/v7e-m/fpv4-sp/hard\libnosys.a
END GROUP
START GROUP
LOAD d:/ac6/systemworkbench/plugins/fr.ac6.mcu.externaltools.arm-none.win32_1.17.0.201812190825/tools/compiler/bin/../lib/gcc/arm-none-eabi/7.3.1/thumb/v7e-m/fpv4-sp/hard\libgcc.a
LOAD d:/ac6/systemworkbench/plugins/fr.ac6.mcu.externaltools.arm-none.win32_1.17.0.201812190825/tools/compiler/bin/../lib/gcc/arm-none-eabi/7.3.1/../../../../arm-none-eabi/lib/thumb/v7e-m/fpv4-sp/hard\libc_nano.a
LOAD d:/ac6/systemworkbench/plugins/fr.ac6.mcu.externaltools.arm-none.win32_1.17.0.201812190825/tools/compiler/bin/../lib/gcc/arm-none-eabi/7.3.1/../../../../arm-none-eabi/lib/thumb/v7e-m/fpv4-sp/hard\libnosys.a
END GROUP
LOAD d:/ac6/systemworkbench/plugins/fr.ac6.mcu.externaltools.arm-none.win32_1.17.0.201812190825/tools/compiler/bin/../lib/gcc/arm-none-eabi/7.3.1/thumb/v7e-m/fpv4-sp/hard/crtend.o
LOAD d:/ac6/systemworkbench/plugins/fr.ac6.mcu.externaltools.arm-none.win32_1.17.0.201812190825/tools/compiler/bin/../lib/gcc/arm-none-eabi/7.3.1/thumb/v7e-m/fpv4-sp/hard/crtn.o
                0x20020000                _estack = 0x20020000
                0x00000200                _Min_Heap_Size = 0x200
                0x00000400                _Min_Stack_Size = 0x400

.isr_vector     0x08000000      0x188
                0x08000000                . = ALIGN (0x4)
 *(.isr_vector)
 .isr_vector    0x08000000      0x188 startup/startup_stm32f407xx.o
                0x08000000                g_pfnVectors
                0x08000188                . = ALIGN (0x4)

.text           0x08000190     0x4984
                0x08000190                . = ALIGN (0x4)
 *(.text)
 .text          0x08000190       0x40 d:/ac6/systemworkbench/plugins/fr.ac6.mcu.externaltools.arm-none.win32_1.17.0.201812190825/tools/compiler/bin/../lib/gcc/arm-none-eabi/7.3.1/thumb/v7e-m/fpv4-sp/hard/crtbegin.o
 .text          0x080001d0       0x30 d:/ac6/systemworkbench/plugins/fr.ac6.mcu.externaltools.arm-none.win32_1.17.0.201812190825/tools/compiler/bin/../lib/gcc/arm-none-eabi/7.3.1/thumb/v7e-m/fpv4-sp/hard\libgcc.a(_aeabi_uldivmod.o)
                0x080001d0                __aeabi_uldivmod
 .text          0x08000200      0x2cc d:/ac6/systemworkbench/plugins/fr.ac6.mcu.externaltools.arm-none.win32_1.17.0.201812190825/tools/compiler/bin/../lib/gcc/arm-none-eabi/7.3.1/thumb/v7e-m/fpv4-sp/hard\libgcc.a(_udivmoddi4.o)
                0x08000200                __udivmoddi4
 .text          0x080004cc        0x4 d:/ac6/systemworkbench/plugins/fr.ac6.mcu.externaltools.arm-none.win32_1.17.0.201812190825/tools/compiler/bin/../lib/gcc/arm-none-eabi/7.3.1/thumb/v7e-m/fpv4-sp/hard\libgcc.a(_dvmd_tls.o)
                0x080004cc                __aeabi_idiv0
                0x080004cc                __aeabi_ldiv0
 .text          0x080004d0       0x10 d:/ac6/systemworkbench/plugins/fr.ac6.mcu.externaltools.arm-none.win32_1.17.0.201812190825/tools/compiler/bin/../lib/gcc/arm-none-eabi/7.3.1/../../../../arm-none-eabi/lib/thumb/v7e-m/fpv4-sp/hard\libc_nano.a(lib_a-strlen.o)
                0x080004d0                strlen
 .text          0x080004e0       0xa0 d:/ac6/systemworkbench/plugins/fr.ac6.mcu.externaltools.arm-none.win32_1.17.0.201812190825/tools/compiler/bin/../lib/gcc/arm-none-eabi/7.3.1/../../../../arm-none-eabi/lib/thumb/v7e-m/fpv4-sp/hard\libc_nano.a(lib_a-memchr.o)
                0x080004e0                memchr
 *(.text*)
 .text.ENC28_readOp
                0x08000580       0x68 Core/Src/STM_ENC28_J60.o
                0x08000580                ENC28_readOp
 .text.ENC28_writeOp
                0x080005e8       0x48 Core/Src/STM_ENC28_J60.o
                0x080005e8                ENC28_writeOp
 .text.ENC28_setBank
                0x08000630       0x2c Core/Src/STM_ENC28_J60.o
                0x08000630                ENC28_setBank
 .text.ENC28_readReg8
                0x0800065c       0x12 Core/Src/STM_ENC28_J60.o
                0x0800065c                ENC28_readReg8
 .text.ENC28_readReg16
                0x0800066e       0x1e Core/Src/STM_ENC28_J60.o
                0x0800066e                ENC28_readReg16
 .text.ENC28_writeReg8
                0x0800068c       0x16 Core/Src/STM_ENC28_J60.o
                0x0800068c                ENC28_writeReg8
 .text.ENC28_writeReg16
                0x080006a2       0x18 Core/Src/STM_ENC28_J60.o
                0x080006a2                ENC28_writeReg16
 .text.ENC28_writePhy
                0x080006ba       0x22 Core/Src/STM_ENC28_J60.o
                0x080006ba                ENC28_writePhy
 .text.ENC28_Init
                0x080006dc      0x128 Core/Src/STM_ENC28_J60.o
                0x080006dc                ENC28_Init
 .text.ENC28_writeBuf
                0x08000804       0x4c Core/Src/STM_ENC28_J60.o
                0x08000804                ENC28_writeBuf
 .text.ENC28_packetSend
                0x08000850       0x8c Core/Src/STM_ENC28_J60.o
                0x08000850                ENC28_packetSend
 .text.MX_GPIO_Init
                0x080008dc       0xe0 Core/Src/main.o
 .text.StartDefaultTask
                0x080009bc       0x48 Core/Src/main.o
                0x080009bc                StartDefaultTask
 .text.StartTask03
                0x08000a04        0xa Core/Src/main.o
                0x08000a04                StartTask03
 *fill*         0x08000a0e        0x2 
 .text.StartTask02
                0x08000a10       0x9c Core/Src/main.o
                0x08000a10                StartTask02
 .text.HAL_TIM_PeriodElapsedCallback
                0x08000aac       0x18 Core/Src/main.o
                0x08000aac                HAL_TIM_PeriodElapsedCallback
 .text.Error_Handler
                0x08000ac4        0x4 Core/Src/main.o
                0x08000ac4                Error_Handler
 .text.MX_USART2_UART_Init
                0x08000ac8       0x34 Core/Src/main.o
 .text.MX_SPI1_Init
                0x08000afc       0x40 Core/Src/main.o
 .text.SystemClock_Config
                0x08000b3c       0xa8 Core/Src/main.o
                0x08000b3c                SystemClock_Config
 .text.main     0x08000be4       0x6c Core/Src/main.o
                0x08000be4                main
 .text.HAL_MspInit
                0x08000c50       0x44 Core/Src/stm32f4xx_hal_msp.o
                0x08000c50                HAL_MspInit
 .text.HAL_SPI_MspInit
                0x08000c94       0x70 Core/Src/stm32f4xx_hal_msp.o
                0x08000c94                HAL_SPI_MspInit
 .text.HAL_UART_MspInit
                0x08000d04       0x70 Core/Src/stm32f4xx_hal_msp.o
                0x08000d04                HAL_UART_MspInit
 .text.HAL_InitTick
                0x08000d74       0x7c Core/Src/stm32f4xx_hal_timebase_tim.o
                0x08000d74                HAL_InitTick
 .text.NMI_Handler
                0x08000df0        0x2 Core/Src/stm32f4xx_it.o
                0x08000df0                NMI_Handler
 .text.HardFault_Handler
                0x08000df2        0x2 Core/Src/stm32f4xx_it.o
                0x08000df2                HardFault_Handler
 .text.MemManage_Handler
                0x08000df4        0x2 Core/Src/stm32f4xx_it.o
                0x08000df4                MemManage_Handler
 .text.BusFault_Handler
                0x08000df6        0x2 Core/Src/stm32f4xx_it.o
                0x08000df6                BusFault_Handler
 .text.UsageFault_Handler
                0x08000df8        0x2 Core/Src/stm32f4xx_it.o
                0x08000df8                UsageFault_Handler
 .text.DebugMon_Handler
                0x08000dfa        0x2 Core/Src/stm32f4xx_it.o
                0x08000dfa                DebugMon_Handler
 .text.TIM6_DAC_IRQHandler
                0x08000dfc       0x10 Core/Src/stm32f4xx_it.o
                0x08000dfc                TIM6_DAC_IRQHandler
 .text._sbrk    0x08000e0c       0x3c Core/Src/syscalls.o
                0x08000e0c                _sbrk
 .text.SystemInit
                0x08000e48       0x14 Core/Src/system_stm32f4xx.o
                0x08000e48                SystemInit
 .text.HAL_Init
                0x08000e5c       0x34 Drivers/STM32F4xx_HAL_Driver/Src/stm32f4xx_hal.o
                0x08000e5c                HAL_Init
 .text.HAL_IncTick
                0x08000e90       0x18 Drivers/STM32F4xx_HAL_Driver/Src/stm32f4xx_hal.o
                0x08000e90                HAL_IncTick
 .text.HAL_GetTick
                0x08000ea8        0xc Drivers/STM32F4xx_HAL_Driver/Src/stm32f4xx_hal.o
                0x08000ea8                HAL_GetTick
 .text.HAL_Delay
                0x08000eb4       0x28 Drivers/STM32F4xx_HAL_Driver/Src/stm32f4xx_hal.o
                0x08000eb4                HAL_Delay
 .text.HAL_NVIC_SetPriorityGrouping
                0x08000edc       0x24 Drivers/STM32F4xx_HAL_Driver/Src/stm32f4xx_hal_cortex.o
                0x08000edc                HAL_NVIC_SetPriorityGrouping
 .text.HAL_NVIC_SetPriority
                0x08000f00       0x68 Drivers/STM32F4xx_HAL_Driver/Src/stm32f4xx_hal_cortex.o
                0x08000f00                HAL_NVIC_SetPriority
 .text.HAL_NVIC_EnableIRQ
                0x08000f68       0x1c Drivers/STM32F4xx_HAL_Driver/Src/stm32f4xx_hal_cortex.o
                0x08000f68                HAL_NVIC_EnableIRQ
 .text.HAL_GPIO_Init
                0x08000f84      0x1d4 Drivers/STM32F4xx_HAL_Driver/Src/stm32f4xx_hal_gpio.o
                0x08000f84                HAL_GPIO_Init
 .text.HAL_GPIO_WritePin
                0x08001158        0xc Drivers/STM32F4xx_HAL_Driver/Src/stm32f4xx_hal_gpio.o
                0x08001158                HAL_GPIO_WritePin
 .text.HAL_GPIO_TogglePin
                0x08001164       0x12 Drivers/STM32F4xx_HAL_Driver/Src/stm32f4xx_hal_gpio.o
                0x08001164                HAL_GPIO_TogglePin
 *fill*         0x08001176        0x2 
 .text.HAL_RCC_OscConfig
                0x08001178      0x3f8 Drivers/STM32F4xx_HAL_Driver/Src/stm32f4xx_hal_rcc.o
                0x08001178                HAL_RCC_OscConfig
 .text.HAL_RCC_GetSysClockFreq
                0x08001570       0xd8 Drivers/STM32F4xx_HAL_Driver/Src/stm32f4xx_hal_rcc.o
                0x08001570                HAL_RCC_GetSysClockFreq
 .text.HAL_RCC_ClockConfig
                0x08001648      0x160 Drivers/STM32F4xx_HAL_Driver/Src/stm32f4xx_hal_rcc.o
                0x08001648                HAL_RCC_ClockConfig
 .text.HAL_RCC_GetHCLKFreq
                0x080017a8        0xc Drivers/STM32F4xx_HAL_Driver/Src/stm32f4xx_hal_rcc.o
                0x080017a8                HAL_RCC_GetHCLKFreq
 .text.HAL_RCC_GetPCLK1Freq
                0x080017b4       0x20 Drivers/STM32F4xx_HAL_Driver/Src/stm32f4xx_hal_rcc.o
                0x080017b4                HAL_RCC_GetPCLK1Freq
 .text.HAL_RCC_GetPCLK2Freq
                0x080017d4       0x20 Drivers/STM32F4xx_HAL_Driver/Src/stm32f4xx_hal_rcc.o
                0x080017d4                HAL_RCC_GetPCLK2Freq
 .text.HAL_RCC_GetClockConfig
                0x080017f4       0x3c Drivers/STM32F4xx_HAL_Driver/Src/stm32f4xx_hal_rcc.o
                0x080017f4                HAL_RCC_GetClockConfig
 .text.SPI_WaitFlagStateUntilTimeout
                0x08001830       0xd0 Drivers/STM32F4xx_HAL_Driver/Src/stm32f4xx_hal_spi.o
 .text.SPI_EndRxTxTransaction
                0x08001900       0x68 Drivers/STM32F4xx_HAL_Driver/Src/stm32f4xx_hal_spi.o
 .text.SPI_EndRxTransaction
                0x08001968       0x98 Drivers/STM32F4xx_HAL_Driver/Src/stm32f4xx_hal_spi.o
 .text.HAL_SPI_Init
                0x08001a00       0xbe Drivers/STM32F4xx_HAL_Driver/Src/stm32f4xx_hal_spi.o
                0x08001a00                HAL_SPI_Init
 .text.HAL_SPI_Transmit
                0x08001abe      0x1a4 Drivers/STM32F4xx_HAL_Driver/Src/stm32f4xx_hal_spi.o
                0x08001abe                HAL_SPI_Transmit
 .text.HAL_SPI_TransmitReceive
                0x08001c62      0x22e Drivers/STM32F4xx_HAL_Driver/Src/stm32f4xx_hal_spi.o
                0x08001c62                HAL_SPI_TransmitReceive
 .text.HAL_SPI_Receive
                0x08001e90      0x16c Drivers/STM32F4xx_HAL_Driver/Src/stm32f4xx_hal_spi.o
                0x08001e90                HAL_SPI_Receive
 .text.HAL_TIM_Base_MspInit
                0x08001ffc        0x2 Drivers/STM32F4xx_HAL_Driver/Src/stm32f4xx_hal_tim.o
                0x08001ffc                HAL_TIM_Base_MspInit
 *fill*         0x08001ffe        0x2 
 .text.HAL_TIM_Base_Start_IT
                0x08002000       0x88 Drivers/STM32F4xx_HAL_Driver/Src/stm32f4xx_hal_tim.o
                0x08002000                HAL_TIM_Base_Start_IT
 .text.HAL_TIM_OC_DelayElapsedCallback
                0x08002088        0x2 Drivers/STM32F4xx_HAL_Driver/Src/stm32f4xx_hal_tim.o
                0x08002088                HAL_TIM_OC_DelayElapsedCallback
 .text.HAL_TIM_IC_CaptureCallback
                0x0800208a        0x2 Drivers/STM32F4xx_HAL_Driver/Src/stm32f4xx_hal_tim.o
                0x0800208a                HAL_TIM_IC_CaptureCallback
 .text.HAL_TIM_PWM_PulseFinishedCallback
                0x0800208c        0x2 Drivers/STM32F4xx_HAL_Driver/Src/stm32f4xx_hal_tim.o
                0x0800208c                HAL_TIM_PWM_PulseFinishedCallback
 .text.HAL_TIM_TriggerCallback
                0x0800208e        0x2 Drivers/STM32F4xx_HAL_Driver/Src/stm32f4xx_hal_tim.o
                0x0800208e                HAL_TIM_TriggerCallback
 .text.HAL_TIM_IRQHandler
                0x08002090      0x17a Drivers/STM32F4xx_HAL_Driver/Src/stm32f4xx_hal_tim.o
                0x08002090                HAL_TIM_IRQHandler
 *fill*         0x0800220a        0x2 
 .text.TIM_Base_SetConfig
                0x0800220c       0xc8 Drivers/STM32F4xx_HAL_Driver/Src/stm32f4xx_hal_tim.o
                0x0800220c                TIM_Base_SetConfig
 .text.HAL_TIM_Base_Init
                0x080022d4       0x56 Drivers/STM32F4xx_HAL_Driver/Src/stm32f4xx_hal_tim.o
                0x080022d4                HAL_TIM_Base_Init
 .text.HAL_TIMEx_CommutCallback
                0x0800232a        0x2 Drivers/STM32F4xx_HAL_Driver/Src/stm32f4xx_hal_tim_ex.o
                0x0800232a                HAL_TIMEx_CommutCallback
 .text.HAL_TIMEx_BreakCallback
                0x0800232c        0x2 Drivers/STM32F4xx_HAL_Driver/Src/stm32f4xx_hal_tim_ex.o
                0x0800232c                HAL_TIMEx_BreakCallback
 *fill*         0x0800232e        0x2 
 .text.UART_SetConfig
                0x08002330      0x134 Drivers/STM32F4xx_HAL_Driver/Src/stm32f4xx_hal_uart.o
 .text.UART_WaitOnFlagUntilTimeout
                0x08002464       0x7e Drivers/STM32F4xx_HAL_Driver/Src/stm32f4xx_hal_uart.o
 .text.HAL_UART_Init
                0x080024e2       0x5e Drivers/STM32F4xx_HAL_Driver/Src/stm32f4xx_hal_uart.o
                0x080024e2                HAL_UART_Init
 .text.HAL_UART_Transmit
                0x08002540       0xda Drivers/STM32F4xx_HAL_Driver/Src/stm32f4xx_hal_uart.o
                0x08002540                HAL_UART_Transmit
 *fill*         0x0800261a        0x2 
 .text.SysTick_Handler
                0x0800261c       0x18 Middlewares/Third_Party/FreeRTOS/Source/CMSIS_RTOS_V2/cmsis_os2.o
                0x0800261c                SysTick_Handler
 .text.osKernelInitialize
                0x08002634       0x28 Middlewares/Third_Party/FreeRTOS/Source/CMSIS_RTOS_V2/cmsis_os2.o
                0x08002634                osKernelInitialize
 .text.osKernelStart
                0x0800265c       0x38 Middlewares/Third_Party/FreeRTOS/Source/CMSIS_RTOS_V2/cmsis_os2.o
                0x0800265c                osKernelStart
 .text.osThreadNew
                0x08002694       0xbc Middlewares/Third_Party/FreeRTOS/Source/CMSIS_RTOS_V2/cmsis_os2.o
                0x08002694                osThreadNew
 .text.osDelay  0x08002750       0x1c Middlewares/Third_Party/FreeRTOS/Source/CMSIS_RTOS_V2/cmsis_os2.o
                0x08002750                osDelay
 .text.vApplicationGetIdleTaskMemory
                0x0800276c       0x1c Middlewares/Third_Party/FreeRTOS/Source/CMSIS_RTOS_V2/cmsis_os2.o
                0x0800276c                vApplicationGetIdleTaskMemory
 .text.vApplicationGetTimerTaskMemory
                0x08002788       0x20 Middlewares/Third_Party/FreeRTOS/Source/CMSIS_RTOS_V2/cmsis_os2.o
                0x08002788                vApplicationGetTimerTaskMemory
 .text.vListInitialise
                0x080027a8       0x16 Middlewares/Third_Party/FreeRTOS/Source/list.o
                0x080027a8                vListInitialise
 .text.vListInitialiseItem
                0x080027be        0x6 Middlewares/Third_Party/FreeRTOS/Source/list.o
                0x080027be                vListInitialiseItem
 .text.vListInsertEnd
                0x080027c4       0x18 Middlewares/Third_Party/FreeRTOS/Source/list.o
                0x080027c4                vListInsertEnd
 .text.vListInsert
                0x080027dc       0x34 Middlewares/Third_Party/FreeRTOS/Source/list.o
                0x080027dc                vListInsert
 .text.uxListRemove
                0x08002810       0x28 Middlewares/Third_Party/FreeRTOS/Source/list.o
                0x08002810                uxListRemove
 .text.prvIsQueueFull
                0x08002838       0x1e Middlewares/Third_Party/FreeRTOS/Source/queue.o
 .text.prvIsQueueEmpty
                0x08002856       0x1a Middlewares/Third_Party/FreeRTOS/Source/queue.o
 .text.prvCopyDataToQueue
                0x08002870       0x76 Middlewares/Third_Party/FreeRTOS/Source/queue.o
 .text.prvCopyDataFromQueue
                0x080028e6       0x24 Middlewares/Third_Party/FreeRTOS/Source/queue.o
 .text.prvUnlockQueue
                0x0800290a       0x6e Middlewares/Third_Party/FreeRTOS/Source/queue.o
 .text.xQueueGenericReset
                0x08002978       0x84 Middlewares/Third_Party/FreeRTOS/Source/queue.o
                0x08002978                xQueueGenericReset
 .text.prvInitialiseNewQueue
                0x080029fc       0x22 Middlewares/Third_Party/FreeRTOS/Source/queue.o
 .text.xQueueGenericCreateStatic
                0x08002a1e       0x92 Middlewares/Third_Party/FreeRTOS/Source/queue.o
                0x08002a1e                xQueueGenericCreateStatic
 .text.xQueueGenericSend
                0x08002ab0      0x17c Middlewares/Third_Party/FreeRTOS/Source/queue.o
                0x08002ab0                xQueueGenericSend
 .text.xQueueGenericSendFromISR
                0x08002c2c       0xce Middlewares/Third_Party/FreeRTOS/Source/queue.o
                0x08002c2c                xQueueGenericSendFromISR
 *fill*         0x08002cfa        0x2 
 .text.xQueueReceive
                0x08002cfc      0x158 Middlewares/Third_Party/FreeRTOS/Source/queue.o
                0x08002cfc                xQueueReceive
 .text.vQueueAddToRegistry
                0x08002e54       0x28 Middlewares/Third_Party/FreeRTOS/Source/queue.o
                0x08002e54                vQueueAddToRegistry
 .text.vQueueWaitForMessageRestricted
                0x08002e7c       0x52 Middlewares/Third_Party/FreeRTOS/Source/queue.o
                0x08002e7c                vQueueWaitForMessageRestricted
 *fill*         0x08002ece        0x2 
 .text.prvResetNextTaskUnblockTime
                0x08002ed0       0x24 Middlewares/Third_Party/FreeRTOS/Source/tasks.o
 .text.prvInitialiseNewTask
                0x08002ef4       0x9a Middlewares/Third_Party/FreeRTOS/Source/tasks.o
 *fill*         0x08002f8e        0x2 
 .text.prvInitialiseTaskLists
                0x08002f90       0x58 Middlewares/Third_Party/FreeRTOS/Source/tasks.o
 .text.prvAddNewTaskToReadyList
                0x08002fe8       0xb0 Middlewares/Third_Party/FreeRTOS/Source/tasks.o
 .text.prvDeleteTCB
                0x08003098       0x38 Middlewares/Third_Party/FreeRTOS/Source/tasks.o
 .text.prvCheckTasksWaitingTermination
                0x080030d0       0x44 Middlewares/Third_Party/FreeRTOS/Source/tasks.o
 .text.prvIdleTask
                0x08003114       0x28 Middlewares/Third_Party/FreeRTOS/Source/tasks.o
 .text.prvAddCurrentTaskToDelayedList
                0x0800313c       0x6c Middlewares/Third_Party/FreeRTOS/Source/tasks.o
 .text.xTaskCreateStatic
                0x080031a8       0x74 Middlewares/Third_Party/FreeRTOS/Source/tasks.o
                0x080031a8                xTaskCreateStatic
 .text.xTaskCreate
                0x0800321c       0x66 Middlewares/Third_Party/FreeRTOS/Source/tasks.o
                0x0800321c                xTaskCreate
 *fill*         0x08003282        0x2 
 .text.vTaskStartScheduler
                0x08003284       0x8c Middlewares/Third_Party/FreeRTOS/Source/tasks.o
                0x08003284                vTaskStartScheduler
 .text.vTaskSuspendAll
                0x08003310       0x14 Middlewares/Third_Party/FreeRTOS/Source/tasks.o
                0x08003310                vTaskSuspendAll
 .text.xTaskGetTickCount
                0x08003324        0xc Middlewares/Third_Party/FreeRTOS/Source/tasks.o
                0x08003324                xTaskGetTickCount
 .text.xTaskIncrementTick
                0x08003330      0x110 Middlewares/Third_Party/FreeRTOS/Source/tasks.o
                0x08003330                xTaskIncrementTick
 .text.xTaskResumeAll
                0x08003440       0xf0 Middlewares/Third_Party/FreeRTOS/Source/tasks.o
                0x08003440                xTaskResumeAll
 .text.vTaskDelay
                0x08003530       0x4c Middlewares/Third_Party/FreeRTOS/Source/tasks.o
                0x08003530                vTaskDelay
 .text.vTaskSwitchContext
                0x0800357c       0x94 Middlewares/Third_Party/FreeRTOS/Source/tasks.o
                0x0800357c                vTaskSwitchContext
 .text.vTaskPlaceOnEventList
                0x08003610       0x34 Middlewares/Third_Party/FreeRTOS/Source/tasks.o
                0x08003610                vTaskPlaceOnEventList
 .text.vTaskPlaceOnEventListRestricted
                0x08003644       0x3c Middlewares/Third_Party/FreeRTOS/Source/tasks.o
                0x08003644                vTaskPlaceOnEventListRestricted
 .text.xTaskRemoveFromEventList
                0x08003680       0x88 Middlewares/Third_Party/FreeRTOS/Source/tasks.o
                0x08003680                xTaskRemoveFromEventList
 .text.vTaskInternalSetTimeOutState
                0x08003708       0x14 Middlewares/Third_Party/FreeRTOS/Source/tasks.o
                0x08003708                vTaskInternalSetTimeOutState
 .text.xTaskCheckForTimeOut
                0x0800371c       0x80 Middlewares/Third_Party/FreeRTOS/Source/tasks.o
                0x0800371c                xTaskCheckForTimeOut
 .text.vTaskMissedYield
                0x0800379c       0x10 Middlewares/Third_Party/FreeRTOS/Source/tasks.o
                0x0800379c                vTaskMissedYield
 .text.xTaskGetSchedulerState
                0x080037ac       0x20 Middlewares/Third_Party/FreeRTOS/Source/tasks.o
                0x080037ac                xTaskGetSchedulerState
 .text.xTaskPriorityDisinherit
                0x080037cc       0x90 Middlewares/Third_Party/FreeRTOS/Source/tasks.o
                0x080037cc                xTaskPriorityDisinherit
 .text.prvGetNextExpireTime
                0x0800385c       0x20 Middlewares/Third_Party/FreeRTOS/Source/timers.o
 .text.prvInsertTimerInActiveList
                0x0800387c       0x44 Middlewares/Third_Party/FreeRTOS/Source/timers.o
 .text.prvCheckForValidListAndQueue
                0x080038c0       0x5c Middlewares/Third_Party/FreeRTOS/Source/timers.o
 .text.xTimerCreateTimerTask
                0x0800391c       0x64 Middlewares/Third_Party/FreeRTOS/Source/timers.o
                0x0800391c                xTimerCreateTimerTask
 .text.xTimerGenericCommand
                0x08003980       0x6c Middlewares/Third_Party/FreeRTOS/Source/timers.o
                0x08003980                xTimerGenericCommand
 .text.prvSwitchTimerLists
                0x080039ec       0x8c Middlewares/Third_Party/FreeRTOS/Source/timers.o
 .text.prvSampleTimeNow
                0x08003a78       0x30 Middlewares/Third_Party/FreeRTOS/Source/timers.o
 .text.prvProcessExpiredTimer
                0x08003aa8       0x6c Middlewares/Third_Party/FreeRTOS/Source/timers.o
 .text.prvProcessTimerOrBlockTask
                0x08003b14       0x70 Middlewares/Third_Party/FreeRTOS/Source/timers.o
 .text.prvProcessReceivedCommands
                0x08003b84      0x110 Middlewares/Third_Party/FreeRTOS/Source/timers.o
 .text.prvTimerTask
                0x08003c94       0x16 Middlewares/Third_Party/FreeRTOS/Source/timers.o
 *fill*         0x08003caa        0x2 
 .text.prvTaskExitError
                0x08003cac       0x40 Middlewares/Third_Party/FreeRTOS/Source/portable/GCC/ARM_CM4F/port.o
 .text.prvPortStartFirstTask
                0x08003cec       0x28 Middlewares/Third_Party/FreeRTOS/Source/portable/GCC/ARM_CM4F/port.o
 .text.vPortEnableVFP
                0x08003d14       0x14 Middlewares/Third_Party/FreeRTOS/Source/portable/GCC/ARM_CM4F/port.o
 .text.pxPortInitialiseStack
                0x08003d28       0x2c Middlewares/Third_Party/FreeRTOS/Source/portable/GCC/ARM_CM4F/port.o
                0x08003d28                pxPortInitialiseStack
 *fill*         0x08003d54        0xc 
 .text.SVC_Handler
                0x08003d60       0x24 Middlewares/Third_Party/FreeRTOS/Source/portable/GCC/ARM_CM4F/port.o
                0x08003d60                SVC_Handler
 .text.vPortEnterCritical
                0x08003d84       0x44 Middlewares/Third_Party/FreeRTOS/Source/portable/GCC/ARM_CM4F/port.o
                0x08003d84                vPortEnterCritical
 .text.vPortExitCritical
                0x08003dc8       0x2c Middlewares/Third_Party/FreeRTOS/Source/portable/GCC/ARM_CM4F/port.o
                0x08003dc8                vPortExitCritical
 *fill*         0x08003df4        0xc 
 .text.PendSV_Handler
                0x08003e00       0x64 Middlewares/Third_Party/FreeRTOS/Source/portable/GCC/ARM_CM4F/port.o
                0x08003e00                PendSV_Handler
 .text.xPortSysTickHandler
                0x08003e64       0x2c Middlewares/Third_Party/FreeRTOS/Source/portable/GCC/ARM_CM4F/port.o
                0x08003e64                xPortSysTickHandler
 .text.vPortSetupTimerInterrupt
                0x08003e90       0x38 Middlewares/Third_Party/FreeRTOS/Source/portable/GCC/ARM_CM4F/port.o
                0x08003e90                vPortSetupTimerInterrupt
 .text.xPortStartScheduler
                0x08003ec8      0x108 Middlewares/Third_Party/FreeRTOS/Source/portable/GCC/ARM_CM4F/port.o
                0x08003ec8                xPortStartScheduler
 .text.vPortValidateInterruptPriority
                0x08003fd0       0x58 Middlewares/Third_Party/FreeRTOS/Source/portable/GCC/ARM_CM4F/port.o
                0x08003fd0                vPortValidateInterruptPriority
 .text.prvHeapInit
                0x08004028       0x4c Middlewares/Third_Party/FreeRTOS/Source/portable/MemMang/heap_4.o
 .text.prvInsertBlockIntoFreeList
                0x08004074       0x54 Middlewares/Third_Party/FreeRTOS/Source/portable/MemMang/heap_4.o
 .text.pvPortMalloc
                0x080040c8       0xfc Middlewares/Third_Party/FreeRTOS/Source/portable/MemMang/heap_4.o
                0x080040c8                pvPortMalloc
 .text.vPortFree
                0x080041c4       0x70 Middlewares/Third_Party/FreeRTOS/Source/portable/MemMang/heap_4.o
                0x080041c4                vPortFree
 .text.Reset_Handler
                0x08004234       0x50 startup/startup_stm32f407xx.o
                0x08004234                Reset_Handler
 .text.Default_Handler
                0x08004284        0x2 startup/startup_stm32f407xx.o
                0x08004284                RTC_Alarm_IRQHandler
                0x08004284                HASH_RNG_IRQHandler
                0x08004284                EXTI2_IRQHandler
                0x08004284                TIM8_CC_IRQHandler
                0x08004284                TIM1_CC_IRQHandler
                0x08004284                DMA2_Stream5_IRQHandler
                0x08004284                DMA1_Stream5_IRQHandler
                0x08004284                PVD_IRQHandler
                0x08004284                SDIO_IRQHandler
                0x08004284                TAMP_STAMP_IRQHandler
                0x08004284                CAN2_RX1_IRQHandler
                0x08004284                EXTI3_IRQHandler
                0x08004284                TIM8_TRG_COM_TIM14_IRQHandler
                0x08004284                TIM1_UP_TIM10_IRQHandler
                0x08004284                TIM8_UP_TIM13_IRQHandler
                0x08004284                I2C3_ER_IRQHandler
                0x08004284                EXTI0_IRQHandler
                0x08004284                I2C2_EV_IRQHandler
                0x08004284                DMA1_Stream2_IRQHandler
                0x08004284                CAN1_RX0_IRQHandler
                0x08004284                FPU_IRQHandler
                0x08004284                OTG_HS_WKUP_IRQHandler
                0x08004284                CAN2_SCE_IRQHandler
                0x08004284                DMA2_Stream2_IRQHandler
                0x08004284                SPI1_IRQHandler
                0x08004284                TIM1_BRK_TIM9_IRQHandler
                0x08004284                DCMI_IRQHandler
                0x08004284                CAN2_RX0_IRQHandler
                0x08004284                DMA2_Stream3_IRQHandler
                0x08004284                USART6_IRQHandler
                0x08004284                USART3_IRQHandler
                0x08004284                CAN1_RX1_IRQHandler
                0x08004284                UART5_IRQHandler
                0x08004284                DMA2_Stream0_IRQHandler
                0x08004284                TIM4_IRQHandler
                0x08004284                I2C1_EV_IRQHandler
                0x08004284                DMA1_Stream6_IRQHandler
                0x08004284                DMA1_Stream1_IRQHandler
                0x08004284                UART4_IRQHandler
                0x08004284                TIM3_IRQHandler
                0x08004284                RCC_IRQHandler
                0x08004284                TIM8_BRK_TIM12_IRQHandler
                0x08004284                Default_Handler
                0x08004284                EXTI15_10_IRQHandler
                0x08004284                ADC_IRQHandler
                0x08004284                DMA1_Stream7_IRQHandler
                0x08004284                TIM7_IRQHandler
                0x08004284                CAN2_TX_IRQHandler
                0x08004284                TIM5_IRQHandler
                0x08004284                DMA2_Stream7_IRQHandler
                0x08004284                I2C3_EV_IRQHandler
                0x08004284                EXTI9_5_IRQHandler
                0x08004284                RTC_WKUP_IRQHandler
                0x08004284                ETH_WKUP_IRQHandler
                0x08004284                SPI2_IRQHandler
                0x08004284                OTG_HS_EP1_IN_IRQHandler
                0x08004284                DMA1_Stream0_IRQHandler
                0x08004284                CAN1_TX_IRQHandler
                0x08004284                EXTI4_IRQHandler
                0x08004284                FSMC_IRQHandler
                0x08004284                ETH_IRQHandler
                0x08004284                OTG_HS_EP1_OUT_IRQHandler
                0x08004284                WWDG_IRQHandler
                0x08004284                TIM2_IRQHandler
                0x08004284                OTG_FS_WKUP_IRQHandler
                0x08004284                TIM1_TRG_COM_TIM11_IRQHandler
                0x08004284                OTG_HS_IRQHandler
                0x08004284                EXTI1_IRQHandler
                0x08004284                USART2_IRQHandler
                0x08004284                I2C2_ER_IRQHandler
                0x08004284                DMA2_Stream1_IRQHandler
                0x08004284                CAN1_SCE_IRQHandler
                0x08004284                FLASH_IRQHandler
                0x08004284                DMA2_Stream4_IRQHandler
                0x08004284                USART1_IRQHandler
                0x08004284                OTG_FS_IRQHandler
                0x08004284                SPI3_IRQHandler
                0x08004284                DMA1_Stream4_IRQHandler
                0x08004284                I2C1_ER_IRQHandler
                0x08004284                DMA2_Stream6_IRQHandler
                0x08004284                DMA1_Stream3_IRQHandler
 *fill*         0x08004286        0x2 
 .text.__errno  0x08004288        0xc d:/ac6/systemworkbench/plugins/fr.ac6.mcu.externaltools.arm-none.win32_1.17.0.201812190825/tools/compiler/bin/../lib/gcc/arm-none-eabi/7.3.1/../../../../arm-none-eabi/lib/thumb/v7e-m/fpv4-sp/hard\libc_nano.a(lib_a-errno.o)
                0x08004288                __errno
 .text.__libc_init_array
                0x08004294       0x48 d:/ac6/systemworkbench/plugins/fr.ac6.mcu.externaltools.arm-none.win32_1.17.0.201812190825/tools/compiler/bin/../lib/gcc/arm-none-eabi/7.3.1/../../../../arm-none-eabi/lib/thumb/v7e-m/fpv4-sp/hard\libc_nano.a(lib_a-init.o)
                0x08004294                __libc_init_array
 .text.memcpy   0x080042dc       0x16 d:/ac6/systemworkbench/plugins/fr.ac6.mcu.externaltools.arm-none.win32_1.17.0.201812190825/tools/compiler/bin/../lib/gcc/arm-none-eabi/7.3.1/../../../../arm-none-eabi/lib/thumb/v7e-m/fpv4-sp/hard\libc_nano.a(lib_a-memcpy-stub.o)
                0x080042dc                memcpy
 .text.memset   0x080042f2       0x10 d:/ac6/systemworkbench/plugins/fr.ac6.mcu.externaltools.arm-none.win32_1.17.0.201812190825/tools/compiler/bin/../lib/gcc/arm-none-eabi/7.3.1/../../../../arm-none-eabi/lib/thumb/v7e-m/fpv4-sp/hard\libc_nano.a(lib_a-memset.o)
                0x080042f2                memset
 *fill*         0x08004302        0x2 
 .text.sprintf  0x08004304       0x40 d:/ac6/systemworkbench/plugins/fr.ac6.mcu.externaltools.arm-none.win32_1.17.0.201812190825/tools/compiler/bin/../lib/gcc/arm-none-eabi/7.3.1/../../../../arm-none-eabi/lib/thumb/v7e-m/fpv4-sp/hard\libc_nano.a(lib_a-sprintf.o)
                0x08004304                siprintf
                0x08004304                sprintf
 .text.__ssputs_r
                0x08004344       0xb4 d:/ac6/systemworkbench/plugins/fr.ac6.mcu.externaltools.arm-none.win32_1.17.0.201812190825/tools/compiler/bin/../lib/gcc/arm-none-eabi/7.3.1/../../../../arm-none-eabi/lib/thumb/v7e-m/fpv4-sp/hard\libc_nano.a(lib_a-nano-svfprintf.o)
                0x08004344                __ssputs_r
 .text._svfprintf_r
                0x080043f8      0x1f0 d:/ac6/systemworkbench/plugins/fr.ac6.mcu.externaltools.arm-none.win32_1.17.0.201812190825/tools/compiler/bin/../lib/gcc/arm-none-eabi/7.3.1/../../../../arm-none-eabi/lib/thumb/v7e-m/fpv4-sp/hard\libc_nano.a(lib_a-nano-svfprintf.o)
                0x080043f8                _svfiprintf_r
                0x080043f8                _svfprintf_r
 .text._printf_common
                0x080045e8       0xea d:/ac6/systemworkbench/plugins/fr.ac6.mcu.externaltools.arm-none.win32_1.17.0.201812190825/tools/compiler/bin/../lib/gcc/arm-none-eabi/7.3.1/../../../../arm-none-eabi/lib/thumb/v7e-m/fpv4-sp/hard\libc_nano.a(lib_a-nano-vfprintf_i.o)
                0x080045e8                _printf_common
 *fill*         0x080046d2        0x2 
 .text._printf_i
                0x080046d4      0x224 d:/ac6/systemworkbench/plugins/fr.ac6.mcu.externaltools.arm-none.win32_1.17.0.201812190825/tools/compiler/bin/../lib/gcc/arm-none-eabi/7.3.1/../../../../arm-none-eabi/lib/thumb/v7e-m/fpv4-sp/hard\libc_nano.a(lib_a-nano-vfprintf_i.o)
                0x080046d4                _printf_i
 .text.memmove  0x080048f8       0x32 d:/ac6/systemworkbench/plugins/fr.ac6.mcu.externaltools.arm-none.win32_1.17.0.201812190825/tools/compiler/bin/../lib/gcc/arm-none-eabi/7.3.1/../../../../arm-none-eabi/lib/thumb/v7e-m/fpv4-sp/hard\libc_nano.a(lib_a-memmove.o)
                0x080048f8                memmove
 *fill*         0x0800492a        0x2 
 .text._free_r  0x0800492c       0x9c d:/ac6/systemworkbench/plugins/fr.ac6.mcu.externaltools.arm-none.win32_1.17.0.201812190825/tools/compiler/bin/../lib/gcc/arm-none-eabi/7.3.1/../../../../arm-none-eabi/lib/thumb/v7e-m/fpv4-sp/hard\libc_nano.a(lib_a-nano-freer.o)
                0x0800492c                _free_r
 .text._malloc_r
                0x080049c8       0xb4 d:/ac6/systemworkbench/plugins/fr.ac6.mcu.externaltools.arm-none.win32_1.17.0.201812190825/tools/compiler/bin/../lib/gcc/arm-none-eabi/7.3.1/../../../../arm-none-eabi/lib/thumb/v7e-m/fpv4-sp/hard\libc_nano.a(lib_a-nano-mallocr.o)
                0x080049c8                _malloc_r
 .text._realloc_r
                0x08004a7c       0x4c d:/ac6/systemworkbench/plugins/fr.ac6.mcu.externaltools.arm-none.win32_1.17.0.201812190825/tools/compiler/bin/../lib/gcc/arm-none-eabi/7.3.1/../../../../arm-none-eabi/lib/thumb/v7e-m/fpv4-sp/hard\libc_nano.a(lib_a-nano-reallocr.o)
                0x08004a7c                _realloc_r
 .text._sbrk_r  0x08004ac8       0x20 d:/ac6/systemworkbench/plugins/fr.ac6.mcu.externaltools.arm-none.win32_1.17.0.201812190825/tools/compiler/bin/../lib/gcc/arm-none-eabi/7.3.1/../../../../arm-none-eabi/lib/thumb/v7e-m/fpv4-sp/hard\libc_nano.a(lib_a-sbrkr.o)
                0x08004ac8                _sbrk_r
 .text.__malloc_lock
                0x08004ae8        0x2 d:/ac6/systemworkbench/plugins/fr.ac6.mcu.externaltools.arm-none.win32_1.17.0.201812190825/tools/compiler/bin/../lib/gcc/arm-none-eabi/7.3.1/../../../../arm-none-eabi/lib/thumb/v7e-m/fpv4-sp/hard\libc_nano.a(lib_a-mlock.o)
                0x08004ae8                __malloc_lock
 .text.__malloc_unlock
                0x08004aea        0x2 d:/ac6/systemworkbench/plugins/fr.ac6.mcu.externaltools.arm-none.win32_1.17.0.201812190825/tools/compiler/bin/../lib/gcc/arm-none-eabi/7.3.1/../../../../arm-none-eabi/lib/thumb/v7e-m/fpv4-sp/hard\libc_nano.a(lib_a-mlock.o)
                0x08004aea                __malloc_unlock
 .text._malloc_usable_size_r
                0x08004aec       0x10 d:/ac6/systemworkbench/plugins/fr.ac6.mcu.externaltools.arm-none.win32_1.17.0.201812190825/tools/compiler/bin/../lib/gcc/arm-none-eabi/7.3.1/../../../../arm-none-eabi/lib/thumb/v7e-m/fpv4-sp/hard\libc_nano.a(lib_a-nano-msizer.o)
                0x08004aec                _malloc_usable_size_r
 *(.glue_7)
 .glue_7        0x08004afc        0x0 linker stubs
 *(.glue_7t)
 .glue_7t       0x08004afc        0x0 linker stubs
 *(.eh_frame)
 .eh_frame      0x08004afc        0x0 d:/ac6/systemworkbench/plugins/fr.ac6.mcu.externaltools.arm-none.win32_1.17.0.201812190825/tools/compiler/bin/../lib/gcc/arm-none-eabi/7.3.1/thumb/v7e-m/fpv4-sp/hard/crtbegin.o
 *(.init)
 .init          0x08004afc        0x4 d:/ac6/systemworkbench/plugins/fr.ac6.mcu.externaltools.arm-none.win32_1.17.0.201812190825/tools/compiler/bin/../lib/gcc/arm-none-eabi/7.3.1/thumb/v7e-m/fpv4-sp/hard/crti.o
                0x08004afc                _init
 .init          0x08004b00        0x8 d:/ac6/systemworkbench/plugins/fr.ac6.mcu.externaltools.arm-none.win32_1.17.0.201812190825/tools/compiler/bin/../lib/gcc/arm-none-eabi/7.3.1/thumb/v7e-m/fpv4-sp/hard/crtn.o
 *(.fini)
 .fini          0x08004b08        0x4 d:/ac6/systemworkbench/plugins/fr.ac6.mcu.externaltools.arm-none.win32_1.17.0.201812190825/tools/compiler/bin/../lib/gcc/arm-none-eabi/7.3.1/thumb/v7e-m/fpv4-sp/hard/crti.o
                0x08004b08                _fini
 .fini          0x08004b0c        0x8 d:/ac6/systemworkbench/plugins/fr.ac6.mcu.externaltools.arm-none.win32_1.17.0.201812190825/tools/compiler/bin/../lib/gcc/arm-none-eabi/7.3.1/thumb/v7e-m/fpv4-sp/hard/crtn.o
                0x08004b14                . = ALIGN (0x4)
                0x08004b14                _etext = .

.vfp11_veneer   0x08004b14        0x0
 .vfp11_veneer  0x08004b14        0x0 linker stubs

.v4_bx          0x08004b14        0x0
 .v4_bx         0x08004b14        0x0 linker stubs

.iplt           0x08004b14        0x0
 .iplt          0x08004b14        0x0 d:/ac6/systemworkbench/plugins/fr.ac6.mcu.externaltools.arm-none.win32_1.17.0.201812190825/tools/compiler/bin/../lib/gcc/arm-none-eabi/7.3.1/thumb/v7e-m/fpv4-sp/hard/crtbegin.o

.rodata         0x08004b14      0x11c
                0x08004b14                . = ALIGN (0x4)
 *(.rodata)
 .rodata        0x08004b14       0x6c Core/Src/main.o
                0x08004b14                defaultTask_attributes
                0x08004b38                myTask02_attributes
                0x08004b5c                myTask03_attributes
 .rodata        0x08004b80       0x18 Core/Src/system_stm32f4xx.o
                0x08004b80                AHBPrescTable
                0x08004b90                APBPrescTable
 *(.rodata*)
 .rodata.str1.4
                0x08004b98       0x4c Core/Src/main.o
 .rodata.str1.4
                0x08004be4        0x5 Middlewares/Third_Party/FreeRTOS/Source/tasks.o
 *fill*         0x08004be9        0x3 
 .rodata.str1.4
                0x08004bec       0x10 Middlewares/Third_Party/FreeRTOS/Source/timers.o
 .rodata._svfprintf_r.str1.1
                0x08004bfc       0x11 d:/ac6/systemworkbench/plugins/fr.ac6.mcu.externaltools.arm-none.win32_1.17.0.201812190825/tools/compiler/bin/../lib/gcc/arm-none-eabi/7.3.1/../../../../arm-none-eabi/lib/thumb/v7e-m/fpv4-sp/hard\libc_nano.a(lib_a-nano-svfprintf.o)
 .rodata._printf_i.str1.1
                0x08004c0d       0x22 d:/ac6/systemworkbench/plugins/fr.ac6.mcu.externaltools.arm-none.win32_1.17.0.201812190825/tools/compiler/bin/../lib/gcc/arm-none-eabi/7.3.1/../../../../arm-none-eabi/lib/thumb/v7e-m/fpv4-sp/hard\libc_nano.a(lib_a-nano-vfprintf_i.o)
                0x08004c30                . = ALIGN (0x4)
 *fill*         0x08004c2f        0x1 

.ARM.extab
 *(.ARM.extab* .gnu.linkonce.armextab.*)

.ARM            0x08004c30        0x8
                0x08004c30                __exidx_start = .
 *(.ARM.exidx*)
 .ARM.exidx     0x08004c30        0x8 d:/ac6/systemworkbench/plugins/fr.ac6.mcu.externaltools.arm-none.win32_1.17.0.201812190825/tools/compiler/bin/../lib/gcc/arm-none-eabi/7.3.1/thumb/v7e-m/fpv4-sp/hard\libgcc.a(_udivmoddi4.o)
                0x08004c38                __exidx_end = .

.rel.dyn        0x08004c38        0x0
 .rel.iplt      0x08004c38        0x0 d:/ac6/systemworkbench/plugins/fr.ac6.mcu.externaltools.arm-none.win32_1.17.0.201812190825/tools/compiler/bin/../lib/gcc/arm-none-eabi/7.3.1/thumb/v7e-m/fpv4-sp/hard/crtbegin.o

.preinit_array  0x08004c38        0x0
                0x08004c38                PROVIDE (__preinit_array_start = .)
 *(.preinit_array*)
                0x08004c38                PROVIDE (__preinit_array_end = .)

.init_array     0x08004c38        0x4
                0x08004c38                PROVIDE (__init_array_start = .)
 *(SORT_BY_NAME(.init_array.*))
 *(.init_array*)
 .init_array    0x08004c38        0x4 d:/ac6/systemworkbench/plugins/fr.ac6.mcu.externaltools.arm-none.win32_1.17.0.201812190825/tools/compiler/bin/../lib/gcc/arm-none-eabi/7.3.1/thumb/v7e-m/fpv4-sp/hard/crtbegin.o
                0x08004c3c                PROVIDE (__init_array_end = .)

.fini_array     0x08004c3c        0x4
                [!provide]                PROVIDE (__fini_array_start = .)
 *(SORT_BY_NAME(.fini_array.*))
 *(.fini_array*)
 .fini_array    0x08004c3c        0x4 d:/ac6/systemworkbench/plugins/fr.ac6.mcu.externaltools.arm-none.win32_1.17.0.201812190825/tools/compiler/bin/../lib/gcc/arm-none-eabi/7.3.1/thumb/v7e-m/fpv4-sp/hard/crtbegin.o
                [!provide]                PROVIDE (__fini_array_end = .)
                0x08004c40                _sidata = LOADADDR (.data)

.data           0x20000000       0xd4 load address 0x08004c40
                0x20000000                . = ALIGN (0x4)
                0x20000000                _sdata = .
 *(.data)
 .data          0x20000000       0x5e Core/Src/main.o
                0x20000000                msg
                0x20000034                ARP_req
 *fill*         0x2000005e        0x2 
 .data          0x20000060        0x4 Core/Src/system_stm32f4xx.o
                0x20000060                SystemCoreClock
 .data          0x20000064        0x8 Drivers/STM32F4xx_HAL_Driver/Src/stm32f4xx_hal.o
                0x20000064                uwTickFreq
                0x20000068                uwTickPrio
 .data          0x2000006c        0x4 Middlewares/Third_Party/FreeRTOS/Source/portable/GCC/ARM_CM4F/port.o
 *(.data*)
 .data._impure_ptr
                0x20000070        0x4 d:/ac6/systemworkbench/plugins/fr.ac6.mcu.externaltools.arm-none.win32_1.17.0.201812190825/tools/compiler/bin/../lib/gcc/arm-none-eabi/7.3.1/../../../../arm-none-eabi/lib/thumb/v7e-m/fpv4-sp/hard\libc_nano.a(lib_a-impure.o)
                0x20000070                _impure_ptr
 .data.impure_data
                0x20000074       0x60 d:/ac6/systemworkbench/plugins/fr.ac6.mcu.externaltools.arm-none.win32_1.17.0.201812190825/tools/compiler/bin/../lib/gcc/arm-none-eabi/7.3.1/../../../../arm-none-eabi/lib/thumb/v7e-m/fpv4-sp/hard\libc_nano.a(lib_a-impure.o)
                0x200000d4                . = ALIGN (0x4)
                0x200000d4                _edata = .
                0x08004d14                _siccmram = LOADADDR (.ccmram)

.igot.plt       0x200000d4        0x0 load address 0x08004d14
 .igot.plt      0x200000d4        0x0 d:/ac6/systemworkbench/plugins/fr.ac6.mcu.externaltools.arm-none.win32_1.17.0.201812190825/tools/compiler/bin/../lib/gcc/arm-none-eabi/7.3.1/thumb/v7e-m/fpv4-sp/hard/crtbegin.o

.ccmram         0x10000000        0x0 load address 0x08004d14
                0x10000000                . = ALIGN (0x4)
                0x10000000                _sccmram = .
 *(.ccmram)
 *(.ccmram*)
                0x10000000                . = ALIGN (0x4)
                0x10000000                _eccmram = .
                0x10000000                . = ALIGN (0x4)

.bss            0x200000d4     0x4a84
                0x200000d4                _sbss = .
                0x200000d4                __bss_start__ = _sbss
 *(.bss)
 .bss           0x200000d4       0x1c d:/ac6/systemworkbench/plugins/fr.ac6.mcu.externaltools.arm-none.win32_1.17.0.201812190825/tools/compiler/bin/../lib/gcc/arm-none-eabi/7.3.1/thumb/v7e-m/fpv4-sp/hard/crtbegin.o
 .bss           0x200000f0        0x1 Core/Src/STM_ENC28_J60.o
 *fill*         0x200000f1        0x3 
 .bss           0x200000f4        0x8 Core/Src/syscalls.o
                0x200000f8                __env
 .bss           0x200000fc      0x6bc Middlewares/Third_Party/FreeRTOS/Source/CMSIS_RTOS_V2/cmsis_os2.o
 .bss           0x200007b8      0x4fc Middlewares/Third_Party/FreeRTOS/Source/tasks.o
                0x20000c8c                pxCurrentTCB
 .bss           0x20000cb4      0x12c Middlewares/Third_Party/FreeRTOS/Source/timers.o
 .bss           0x20000de0        0x8 Middlewares/Third_Party/FreeRTOS/Source/portable/GCC/ARM_CM4F/port.o
 .bss           0x20000de8     0x3c20 Middlewares/Third_Party/FreeRTOS/Source/portable/MemMang/heap_4.o
 *(.bss*)
 .bss.__malloc_free_list
                0x20004a08        0x4 d:/ac6/systemworkbench/plugins/fr.ac6.mcu.externaltools.arm-none.win32_1.17.0.201812190825/tools/compiler/bin/../lib/gcc/arm-none-eabi/7.3.1/../../../../arm-none-eabi/lib/thumb/v7e-m/fpv4-sp/hard\libc_nano.a(lib_a-nano-mallocr.o)
                0x20004a08                __malloc_free_list
 .bss.__malloc_sbrk_start
                0x20004a0c        0x4 d:/ac6/systemworkbench/plugins/fr.ac6.mcu.externaltools.arm-none.win32_1.17.0.201812190825/tools/compiler/bin/../lib/gcc/arm-none-eabi/7.3.1/../../../../arm-none-eabi/lib/thumb/v7e-m/fpv4-sp/hard\libc_nano.a(lib_a-nano-mallocr.o)
                0x20004a0c                __malloc_sbrk_start
 *(COMMON)
 COMMON         0x20004a10        0x4 Core/Src/STM_ENC28_J60.o
                0x20004a10                dataWatch8
                0x20004a12                dataWatch16
 COMMON         0x20004a14       0xb4 Core/Src/main.o
                0x20004a14                defaultTaskHandle
                0x20004a18                MAC
                0x20004a20                spiData
                0x20004a24                myTask02Handle
                0x20004a28                myTask03Handle
                0x20004a2c                hspi1
                0x20004a84                huart2
 COMMON         0x20004ac8       0x48 Core/Src/stm32f4xx_hal_timebase_tim.o
                0x20004ac8                htim6
 COMMON         0x20004b10        0x4 Drivers/STM32F4xx_HAL_Driver/Src/stm32f4xx_hal.o
                0x20004b10                uwTick
 COMMON         0x20004b14       0x40 Middlewares/Third_Party/FreeRTOS/Source/queue.o
                0x20004b14                xQueueRegistry
 COMMON         0x20004b54        0x4 d:/ac6/systemworkbench/plugins/fr.ac6.mcu.externaltools.arm-none.win32_1.17.0.201812190825/tools/compiler/bin/../lib/gcc/arm-none-eabi/7.3.1/../../../../arm-none-eabi/lib/thumb/v7e-m/fpv4-sp/hard\libc_nano.a(lib_a-reent.o)
                0x20004b54                errno
                0x20004b58                . = ALIGN (0x4)
                0x20004b58                _ebss = .
                0x20004b58                __bss_end__ = _ebss

._user_heap_stack
                0x20004b58      0x600
                0x20004b58                . = ALIGN (0x8)
                0x20004b58                PROVIDE (end = .)
                [!provide]                PROVIDE (_end = .)
                0x20004d58                . = (. + _Min_Heap_Size)
 *fill*         0x20004b58      0x200 
                0x20005158                . = (. + _Min_Stack_Size)
 *fill*         0x20004d58      0x400 
                0x20005158                . = ALIGN (0x8)

/DISCARD/
 libc.a(*)
 libm.a(*)
 libgcc.a(*)

.ARM.attributes
                0x00000000       0x30
 *(.ARM.attributes)
 .ARM.attributes
                0x00000000       0x22 d:/ac6/systemworkbench/plugins/fr.ac6.mcu.externaltools.arm-none.win32_1.17.0.201812190825/tools/compiler/bin/../lib/gcc/arm-none-eabi/7.3.1/thumb/v7e-m/fpv4-sp/hard/crti.o
 .ARM.attributes
                0x00000022       0x34 d:/ac6/systemworkbench/plugins/fr.ac6.mcu.externaltools.arm-none.win32_1.17.0.201812190825/tools/compiler/bin/../lib/gcc/arm-none-eabi/7.3.1/thumb/v7e-m/fpv4-sp/hard/crtbegin.o
 .ARM.attributes
                0x00000056       0x39 Core/Src/STM_ENC28_J60.o
 .ARM.attributes
                0x0000008f       0x39 Core/Src/main.o
 .ARM.attributes
                0x000000c8       0x39 Core/Src/stm32f4xx_hal_msp.o
 .ARM.attributes
                0x00000101       0x39 Core/Src/stm32f4xx_hal_timebase_tim.o
 .ARM.attributes
                0x0000013a       0x39 Core/Src/stm32f4xx_it.o
 .ARM.attributes
                0x00000173       0x39 Core/Src/syscalls.o
 .ARM.attributes
                0x000001ac       0x39 Core/Src/system_stm32f4xx.o
 .ARM.attributes
                0x000001e5       0x39 Drivers/STM32F4xx_HAL_Driver/Src/stm32f4xx_hal.o
 .ARM.attributes
                0x0000021e       0x39 Drivers/STM32F4xx_HAL_Driver/Src/stm32f4xx_hal_cortex.o
 .ARM.attributes
                0x00000257       0x39 Drivers/STM32F4xx_HAL_Driver/Src/stm32f4xx_hal_gpio.o
 .ARM.attributes
                0x00000290       0x39 Drivers/STM32F4xx_HAL_Driver/Src/stm32f4xx_hal_rcc.o
 .ARM.attributes
                0x000002c9       0x39 Drivers/STM32F4xx_HAL_Driver/Src/stm32f4xx_hal_spi.o
 .ARM.attributes
                0x00000302       0x39 Drivers/STM32F4xx_HAL_Driver/Src/stm32f4xx_hal_tim.o
 .ARM.attributes
                0x0000033b       0x39 Drivers/STM32F4xx_HAL_Driver/Src/stm32f4xx_hal_tim_ex.o
 .ARM.attributes
                0x00000374       0x39 Drivers/STM32F4xx_HAL_Driver/Src/stm32f4xx_hal_uart.o
 .ARM.attributes
                0x000003ad       0x39 Middlewares/Third_Party/FreeRTOS/Source/CMSIS_RTOS_V2/cmsis_os2.o
 .ARM.attributes
                0x000003e6       0x39 Middlewares/Third_Party/FreeRTOS/Source/list.o
 .ARM.attributes
                0x0000041f       0x39 Middlewares/Third_Party/FreeRTOS/Source/queue.o
 .ARM.attributes
                0x00000458       0x39 Middlewares/Third_Party/FreeRTOS/Source/tasks.o
 .ARM.attributes
                0x00000491       0x39 Middlewares/Third_Party/FreeRTOS/Source/timers.o
 .ARM.attributes
                0x000004ca       0x39 Middlewares/Third_Party/FreeRTOS/Source/portable/GCC/ARM_CM4F/port.o
 .ARM.attributes
                0x00000503       0x39 Middlewares/Third_Party/FreeRTOS/Source/portable/MemMang/heap_4.o
 .ARM.attributes
                0x0000053c       0x21 startup/startup_stm32f407xx.o
 .ARM.attributes
                0x0000055d       0x22 d:/ac6/systemworkbench/plugins/fr.ac6.mcu.externaltools.arm-none.win32_1.17.0.201812190825/tools/compiler/bin/../lib/gcc/arm-none-eabi/7.3.1/thumb/v7e-m/fpv4-sp/hard\libgcc.a(_aeabi_uldivmod.o)
 .ARM.attributes
                0x0000057f       0x34 d:/ac6/systemworkbench/plugins/fr.ac6.mcu.externaltools.arm-none.win32_1.17.0.201812190825/tools/compiler/bin/../lib/gcc/arm-none-eabi/7.3.1/thumb/v7e-m/fpv4-sp/hard\libgcc.a(_udivmoddi4.o)
 .ARM.attributes
                0x000005b3       0x22 d:/ac6/systemworkbench/plugins/fr.ac6.mcu.externaltools.arm-none.win32_1.17.0.201812190825/tools/compiler/bin/../lib/gcc/arm-none-eabi/7.3.1/thumb/v7e-m/fpv4-sp/hard\libgcc.a(_dvmd_tls.o)
 .ARM.attributes
                0x000005d5       0x34 d:/ac6/systemworkbench/plugins/fr.ac6.mcu.externaltools.arm-none.win32_1.17.0.201812190825/tools/compiler/bin/../lib/gcc/arm-none-eabi/7.3.1/../../../../arm-none-eabi/lib/thumb/v7e-m/fpv4-sp/hard\libc_nano.a(lib_a-errno.o)
 .ARM.attributes
                0x00000609       0x34 d:/ac6/systemworkbench/plugins/fr.ac6.mcu.externaltools.arm-none.win32_1.17.0.201812190825/tools/compiler/bin/../lib/gcc/arm-none-eabi/7.3.1/../../../../arm-none-eabi/lib/thumb/v7e-m/fpv4-sp/hard\libc_nano.a(lib_a-impure.o)
 .ARM.attributes
                0x0000063d       0x34 d:/ac6/systemworkbench/plugins/fr.ac6.mcu.externaltools.arm-none.win32_1.17.0.201812190825/tools/compiler/bin/../lib/gcc/arm-none-eabi/7.3.1/../../../../arm-none-eabi/lib/thumb/v7e-m/fpv4-sp/hard\libc_nano.a(lib_a-init.o)
 .ARM.attributes
                0x00000671       0x34 d:/ac6/systemworkbench/plugins/fr.ac6.mcu.externaltools.arm-none.win32_1.17.0.201812190825/tools/compiler/bin/../lib/gcc/arm-none-eabi/7.3.1/../../../../arm-none-eabi/lib/thumb/v7e-m/fpv4-sp/hard\libc_nano.a(lib_a-memcpy-stub.o)
 .ARM.attributes
                0x000006a5       0x34 d:/ac6/systemworkbench/plugins/fr.ac6.mcu.externaltools.arm-none.win32_1.17.0.201812190825/tools/compiler/bin/../lib/gcc/arm-none-eabi/7.3.1/../../../../arm-none-eabi/lib/thumb/v7e-m/fpv4-sp/hard\libc_nano.a(lib_a-memset.o)
 .ARM.attributes
                0x000006d9       0x34 d:/ac6/systemworkbench/plugins/fr.ac6.mcu.externaltools.arm-none.win32_1.17.0.201812190825/tools/compiler/bin/../lib/gcc/arm-none-eabi/7.3.1/../../../../arm-none-eabi/lib/thumb/v7e-m/fpv4-sp/hard\libc_nano.a(lib_a-sprintf.o)
 .ARM.attributes
                0x0000070d       0x1b d:/ac6/systemworkbench/plugins/fr.ac6.mcu.externaltools.arm-none.win32_1.17.0.201812190825/tools/compiler/bin/../lib/gcc/arm-none-eabi/7.3.1/../../../../arm-none-eabi/lib/thumb/v7e-m/fpv4-sp/hard\libc_nano.a(lib_a-strlen.o)
 .ARM.attributes
                0x00000728       0x34 d:/ac6/systemworkbench/plugins/fr.ac6.mcu.externaltools.arm-none.win32_1.17.0.201812190825/tools/compiler/bin/../lib/gcc/arm-none-eabi/7.3.1/../../../../arm-none-eabi/lib/thumb/v7e-m/fpv4-sp/hard\libc_nano.a(lib_a-nano-svfprintf.o)
 .ARM.attributes
                0x0000075c       0x34 d:/ac6/systemworkbench/plugins/fr.ac6.mcu.externaltools.arm-none.win32_1.17.0.201812190825/tools/compiler/bin/../lib/gcc/arm-none-eabi/7.3.1/../../../../arm-none-eabi/lib/thumb/v7e-m/fpv4-sp/hard\libc_nano.a(lib_a-nano-vfprintf_i.o)
 .ARM.attributes
                0x00000790       0x20 d:/ac6/systemworkbench/plugins/fr.ac6.mcu.externaltools.arm-none.win32_1.17.0.201812190825/tools/compiler/bin/../lib/gcc/arm-none-eabi/7.3.1/../../../../arm-none-eabi/lib/thumb/v7e-m/fpv4-sp/hard\libc_nano.a(lib_a-memchr.o)
 .ARM.attributes
                0x000007b0       0x34 d:/ac6/systemworkbench/plugins/fr.ac6.mcu.externaltools.arm-none.win32_1.17.0.201812190825/tools/compiler/bin/../lib/gcc/arm-none-eabi/7.3.1/../../../../arm-none-eabi/lib/thumb/v7e-m/fpv4-sp/hard\libc_nano.a(lib_a-memmove.o)
 .ARM.attributes
                0x000007e4       0x34 d:/ac6/systemworkbench/plugins/fr.ac6.mcu.externaltools.arm-none.win32_1.17.0.201812190825/tools/compiler/bin/../lib/gcc/arm-none-eabi/7.3.1/../../../../arm-none-eabi/lib/thumb/v7e-m/fpv4-sp/hard\libc_nano.a(lib_a-nano-freer.o)
 .ARM.attributes
                0x00000818       0x34 d:/ac6/systemworkbench/plugins/fr.ac6.mcu.externaltools.arm-none.win32_1.17.0.201812190825/tools/compiler/bin/../lib/gcc/arm-none-eabi/7.3.1/../../../../arm-none-eabi/lib/thumb/v7e-m/fpv4-sp/hard\libc_nano.a(lib_a-nano-mallocr.o)
 .ARM.attributes
                0x0000084c       0x34 d:/ac6/systemworkbench/plugins/fr.ac6.mcu.externaltools.arm-none.win32_1.17.0.201812190825/tools/compiler/bin/../lib/gcc/arm-none-eabi/7.3.1/../../../../arm-none-eabi/lib/thumb/v7e-m/fpv4-sp/hard\libc_nano.a(lib_a-nano-reallocr.o)
 .ARM.attributes
                0x00000880       0x34 d:/ac6/systemworkbench/plugins/fr.ac6.mcu.externaltools.arm-none.win32_1.17.0.201812190825/tools/compiler/bin/../lib/gcc/arm-none-eabi/7.3.1/../../../../arm-none-eabi/lib/thumb/v7e-m/fpv4-sp/hard\libc_nano.a(lib_a-sbrkr.o)
 .ARM.attributes
                0x000008b4       0x34 d:/ac6/systemworkbench/plugins/fr.ac6.mcu.externaltools.arm-none.win32_1.17.0.201812190825/tools/compiler/bin/../lib/gcc/arm-none-eabi/7.3.1/../../../../arm-none-eabi/lib/thumb/v7e-m/fpv4-sp/hard\libc_nano.a(lib_a-mlock.o)
 .ARM.attributes
                0x000008e8       0x34 d:/ac6/systemworkbench/plugins/fr.ac6.mcu.externaltools.arm-none.win32_1.17.0.201812190825/tools/compiler/bin/../lib/gcc/arm-none-eabi/7.3.1/../../../../arm-none-eabi/lib/thumb/v7e-m/fpv4-sp/hard\libc_nano.a(lib_a-nano-msizer.o)
 .ARM.attributes
                0x0000091c       0x34 d:/ac6/systemworkbench/plugins/fr.ac6.mcu.externaltools.arm-none.win32_1.17.0.201812190825/tools/compiler/bin/../lib/gcc/arm-none-eabi/7.3.1/../../../../arm-none-eabi/lib/thumb/v7e-m/fpv4-sp/hard\libc_nano.a(lib_a-reent.o)
 .ARM.attributes
                0x00000950       0x22 d:/ac6/systemworkbench/plugins/fr.ac6.mcu.externaltools.arm-none.win32_1.17.0.201812190825/tools/compiler/bin/../lib/gcc/arm-none-eabi/7.3.1/thumb/v7e-m/fpv4-sp/hard/crtn.o
OUTPUT(RTOS_SPI_ETH.elf elf32-littlearm)

.debug_info     0x00000000    0x229a8
 .debug_info    0x00000000     0x1152 Core/Src/STM_ENC28_J60.o
 .debug_info    0x00001152     0x216c Core/Src/main.o
 .debug_info    0x000032be      0xf1c Core/Src/stm32f4xx_hal_msp.o
 .debug_info    0x000041da      0xca1 Core/Src/stm32f4xx_hal_timebase_tim.o
 .debug_info    0x00004e7b      0x772 Core/Src/stm32f4xx_it.o
 .debug_info    0x000055ed      0xfd3 Core/Src/syscalls.o
 .debug_info    0x000065c0      0x559 Core/Src/system_stm32f4xx.o
 .debug_info    0x00006b19      0x9f1 Drivers/STM32F4xx_HAL_Driver/Src/stm32f4xx_hal.o
 .debug_info    0x0000750a      0xf8c Drivers/STM32F4xx_HAL_Driver/Src/stm32f4xx_hal_cortex.o
 .debug_info    0x00008496      0x7d0 Drivers/STM32F4xx_HAL_Driver/Src/stm32f4xx_hal_gpio.o
 .debug_info    0x00008c66      0xa94 Drivers/STM32F4xx_HAL_Driver/Src/stm32f4xx_hal_rcc.o
 .debug_info    0x000096fa     0x1c4c Drivers/STM32F4xx_HAL_Driver/Src/stm32f4xx_hal_spi.o
 .debug_info    0x0000b346     0x373d Drivers/STM32F4xx_HAL_Driver/Src/stm32f4xx_hal_tim.o
 .debug_info    0x0000ea83     0x1877 Drivers/STM32F4xx_HAL_Driver/Src/stm32f4xx_hal_tim_ex.o
 .debug_info    0x000102fa     0x392a Drivers/STM32F4xx_HAL_Driver/Src/stm32f4xx_hal_uart.o
 .debug_info    0x00013c24     0x4c07 Middlewares/Third_Party/FreeRTOS/Source/CMSIS_RTOS_V2/cmsis_os2.o
 .debug_info    0x0001882b      0xad8 Middlewares/Third_Party/FreeRTOS/Source/list.o
 .debug_info    0x00019303     0x2d39 Middlewares/Third_Party/FreeRTOS/Source/queue.o
 .debug_info    0x0001c03c     0x3576 Middlewares/Third_Party/FreeRTOS/Source/tasks.o
 .debug_info    0x0001f5b2     0x20b4 Middlewares/Third_Party/FreeRTOS/Source/timers.o
 .debug_info    0x00021666      0x56f Middlewares/Third_Party/FreeRTOS/Source/portable/GCC/ARM_CM4F/port.o
 .debug_info    0x00021bd5      0xdb1 Middlewares/Third_Party/FreeRTOS/Source/portable/MemMang/heap_4.o
 .debug_info    0x00022986       0x22 startup/startup_stm32f407xx.o

.debug_abbrev   0x00000000     0x3904
 .debug_abbrev  0x00000000      0x216 Core/Src/STM_ENC28_J60.o
 .debug_abbrev  0x00000216      0x341 Core/Src/main.o
 .debug_abbrev  0x00000557      0x1ad Core/Src/stm32f4xx_hal_msp.o
 .debug_abbrev  0x00000704      0x1f0 Core/Src/stm32f4xx_hal_timebase_tim.o
 .debug_abbrev  0x000008f4      0x178 Core/Src/stm32f4xx_it.o
 .debug_abbrev  0x00000a6c      0x2d4 Core/Src/syscalls.o
 .debug_abbrev  0x00000d40      0x12b Core/Src/system_stm32f4xx.o
 .debug_abbrev  0x00000e6b      0x1ed Drivers/STM32F4xx_HAL_Driver/Src/stm32f4xx_hal.o
 .debug_abbrev  0x00001058      0x328 Drivers/STM32F4xx_HAL_Driver/Src/stm32f4xx_hal_cortex.o
 .debug_abbrev  0x00001380      0x1e7 Drivers/STM32F4xx_HAL_Driver/Src/stm32f4xx_hal_gpio.o
 .debug_abbrev  0x00001567      0x273 Drivers/STM32F4xx_HAL_Driver/Src/stm32f4xx_hal_rcc.o
 .debug_abbrev  0x000017da      0x249 Drivers/STM32F4xx_HAL_Driver/Src/stm32f4xx_hal_spi.o
 .debug_abbrev  0x00001a23      0x235 Drivers/STM32F4xx_HAL_Driver/Src/stm32f4xx_hal_tim.o
 .debug_abbrev  0x00001c58      0x255 Drivers/STM32F4xx_HAL_Driver/Src/stm32f4xx_hal_tim_ex.o
 .debug_abbrev  0x00001ead      0x306 Drivers/STM32F4xx_HAL_Driver/Src/stm32f4xx_hal_uart.o
 .debug_abbrev  0x000021b3      0x50d Middlewares/Third_Party/FreeRTOS/Source/CMSIS_RTOS_V2/cmsis_os2.o
 .debug_abbrev  0x000026c0      0x223 Middlewares/Third_Party/FreeRTOS/Source/list.o
 .debug_abbrev  0x000028e3      0x3ae Middlewares/Third_Party/FreeRTOS/Source/queue.o
 .debug_abbrev  0x00002c91      0x3a8 Middlewares/Third_Party/FreeRTOS/Source/tasks.o
 .debug_abbrev  0x00003039      0x353 Middlewares/Third_Party/FreeRTOS/Source/timers.o
 .debug_abbrev  0x0000338c      0x23d Middlewares/Third_Party/FreeRTOS/Source/portable/GCC/ARM_CM4F/port.o
 .debug_abbrev  0x000035c9      0x329 Middlewares/Third_Party/FreeRTOS/Source/portable/MemMang/heap_4.o
 .debug_abbrev  0x000038f2       0x12 startup/startup_stm32f407xx.o

.debug_loc      0x00000000    0x1519f
 .debug_loc     0x00000000      0x2a5 Core/Src/STM_ENC28_J60.o
 .debug_loc     0x000002a5       0x9d Core/Src/main.o
 .debug_loc     0x00000342       0xe8 Core/Src/stm32f4xx_hal_msp.o
 .debug_loc     0x0000042a       0x6a Core/Src/stm32f4xx_hal_timebase_tim.o
 .debug_loc     0x00000494      0x3af Core/Src/syscalls.o
 .debug_loc     0x00000843      0x13e Core/Src/system_stm32f4xx.o
 .debug_loc     0x00000981      0x11b Drivers/STM32F4xx_HAL_Driver/Src/stm32f4xx_hal.o
 .debug_loc     0x00000a9c      0x5ce Drivers/STM32F4xx_HAL_Driver/Src/stm32f4xx_hal_cortex.o
 .debug_loc     0x0000106a      0x475 Drivers/STM32F4xx_HAL_Driver/Src/stm32f4xx_hal_gpio.o
 .debug_loc     0x000014df      0x40f Drivers/STM32F4xx_HAL_Driver/Src/stm32f4xx_hal_rcc.o
 .debug_loc     0x000018ee     0x1a84 Drivers/STM32F4xx_HAL_Driver/Src/stm32f4xx_hal_spi.o
 .debug_loc     0x00003372     0x4a84 Drivers/STM32F4xx_HAL_Driver/Src/stm32f4xx_hal_tim.o
 .debug_loc     0x00007df6     0x1a83 Drivers/STM32F4xx_HAL_Driver/Src/stm32f4xx_hal_tim_ex.o
 .debug_loc     0x00009879     0x335b Drivers/STM32F4xx_HAL_Driver/Src/stm32f4xx_hal_uart.o
 .debug_loc     0x0000cbd4     0x40f5 Middlewares/Third_Party/FreeRTOS/Source/CMSIS_RTOS_V2/cmsis_os2.o
 .debug_loc     0x00010cc9       0x70 Middlewares/Third_Party/FreeRTOS/Source/list.o
 .debug_loc     0x00010d39     0x14de Middlewares/Third_Party/FreeRTOS/Source/queue.o
 .debug_loc     0x00012217     0x1e06 Middlewares/Third_Party/FreeRTOS/Source/tasks.o
 .debug_loc     0x0001401d      0xd25 Middlewares/Third_Party/FreeRTOS/Source/timers.o
 .debug_loc     0x00014d42       0xdc Middlewares/Third_Party/FreeRTOS/Source/portable/GCC/ARM_CM4F/port.o
 .debug_loc     0x00014e1e      0x381 Middlewares/Third_Party/FreeRTOS/Source/portable/MemMang/heap_4.o

.debug_aranges  0x00000000     0x1628
 .debug_aranges
                0x00000000       0x78 Core/Src/STM_ENC28_J60.o
 .debug_aranges
                0x00000078       0x68 Core/Src/main.o
 .debug_aranges
                0x000000e0       0x40 Core/Src/stm32f4xx_hal_msp.o
 .debug_aranges
                0x00000120       0x30 Core/Src/stm32f4xx_hal_timebase_tim.o
 .debug_aranges
                0x00000150       0x50 Core/Src/stm32f4xx_it.o
 .debug_aranges
                0x000001a0       0xb0 Core/Src/syscalls.o
 .debug_aranges
                0x00000250       0x28 Core/Src/system_stm32f4xx.o
 .debug_aranges
                0x00000278       0xf0 Drivers/STM32F4xx_HAL_Driver/Src/stm32f4xx_hal.o
 .debug_aranges
                0x00000368       0xa8 Drivers/STM32F4xx_HAL_Driver/Src/stm32f4xx_hal_cortex.o
 .debug_aranges
                0x00000410       0x58 Drivers/STM32F4xx_HAL_Driver/Src/stm32f4xx_hal_gpio.o
 .debug_aranges
                0x00000468       0x88 Drivers/STM32F4xx_HAL_Driver/Src/stm32f4xx_hal_rcc.o
 .debug_aranges
                0x000004f0      0x1d0 Drivers/STM32F4xx_HAL_Driver/Src/stm32f4xx_hal_spi.o
 .debug_aranges
                0x000006c0      0x3d0 Drivers/STM32F4xx_HAL_Driver/Src/stm32f4xx_hal_tim.o
 .debug_aranges
                0x00000a90      0x168 Drivers/STM32F4xx_HAL_Driver/Src/stm32f4xx_hal_tim_ex.o
 .debug_aranges
                0x00000bf8      0x200 Drivers/STM32F4xx_HAL_Driver/Src/stm32f4xx_hal_uart.o
 .debug_aranges
                0x00000df8      0x2a0 Middlewares/Third_Party/FreeRTOS/Source/CMSIS_RTOS_V2/cmsis_os2.o
 .debug_aranges
                0x00001098       0x40 Middlewares/Third_Party/FreeRTOS/Source/list.o
 .debug_aranges
                0x000010d8      0x158 Middlewares/Third_Party/FreeRTOS/Source/queue.o
 .debug_aranges
                0x00001230      0x208 Middlewares/Third_Party/FreeRTOS/Source/tasks.o
 .debug_aranges
                0x00001438       0xf0 Middlewares/Third_Party/FreeRTOS/Source/timers.o
 .debug_aranges
                0x00001528       0x80 Middlewares/Third_Party/FreeRTOS/Source/portable/GCC/ARM_CM4F/port.o
 .debug_aranges
                0x000015a8       0x58 Middlewares/Third_Party/FreeRTOS/Source/portable/MemMang/heap_4.o
 .debug_aranges
                0x00001600       0x28 startup/startup_stm32f407xx.o

.debug_ranges   0x00000000     0x1720
 .debug_ranges  0x00000000       0x68 Core/Src/STM_ENC28_J60.o
 .debug_ranges  0x00000068       0x58 Core/Src/main.o
 .debug_ranges  0x000000c0       0x30 Core/Src/stm32f4xx_hal_msp.o
 .debug_ranges  0x000000f0       0x20 Core/Src/stm32f4xx_hal_timebase_tim.o
 .debug_ranges  0x00000110       0x40 Core/Src/stm32f4xx_it.o
 .debug_ranges  0x00000150       0xa0 Core/Src/syscalls.o
 .debug_ranges  0x000001f0       0x18 Core/Src/system_stm32f4xx.o
 .debug_ranges  0x00000208       0xe0 Drivers/STM32F4xx_HAL_Driver/Src/stm32f4xx_hal.o
 .debug_ranges  0x000002e8       0xf8 Drivers/STM32F4xx_HAL_Driver/Src/stm32f4xx_hal_cortex.o
 .debug_ranges  0x000003e0       0x48 Drivers/STM32F4xx_HAL_Driver/Src/stm32f4xx_hal_gpio.o
 .debug_ranges  0x00000428       0x90 Drivers/STM32F4xx_HAL_Driver/Src/stm32f4xx_hal_rcc.o
 .debug_ranges  0x000004b8      0x1c0 Drivers/STM32F4xx_HAL_Driver/Src/stm32f4xx_hal_spi.o
 .debug_ranges  0x00000678      0x3c0 Drivers/STM32F4xx_HAL_Driver/Src/stm32f4xx_hal_tim.o
 .debug_ranges  0x00000a38      0x158 Drivers/STM32F4xx_HAL_Driver/Src/stm32f4xx_hal_tim_ex.o
 .debug_ranges  0x00000b90      0x208 Drivers/STM32F4xx_HAL_Driver/Src/stm32f4xx_hal_uart.o
 .debug_ranges  0x00000d98      0x290 Middlewares/Third_Party/FreeRTOS/Source/CMSIS_RTOS_V2/cmsis_os2.o
 .debug_ranges  0x00001028       0x30 Middlewares/Third_Party/FreeRTOS/Source/list.o
 .debug_ranges  0x00001058      0x228 Middlewares/Third_Party/FreeRTOS/Source/queue.o
 .debug_ranges  0x00001280      0x2e8 Middlewares/Third_Party/FreeRTOS/Source/tasks.o
 .debug_ranges  0x00001568       0xe0 Middlewares/Third_Party/FreeRTOS/Source/timers.o
 .debug_ranges  0x00001648       0x70 Middlewares/Third_Party/FreeRTOS/Source/portable/GCC/ARM_CM4F/port.o
 .debug_ranges  0x000016b8       0x48 Middlewares/Third_Party/FreeRTOS/Source/portable/MemMang/heap_4.o
 .debug_ranges  0x00001700       0x20 startup/startup_stm32f407xx.o

.debug_macro    0x00000000    0x2395b
 .debug_macro   0x00000000      0x1ea Core/Src/STM_ENC28_J60.o
 .debug_macro   0x000001ea      0xa54 Core/Src/STM_ENC28_J60.o
 .debug_macro   0x00000c3e      0x2a1 Core/Src/STM_ENC28_J60.o
 .debug_macro   0x00000edf       0x2e Core/Src/STM_ENC28_J60.o
 .debug_macro   0x00000f0d       0x2f Core/Src/STM_ENC28_J60.o
 .debug_macro   0x00000f3c       0x22 Core/Src/STM_ENC28_J60.o
 .debug_macro   0x00000f5e       0x8e Core/Src/STM_ENC28_J60.o
 .debug_macro   0x00000fec       0x51 Core/Src/STM_ENC28_J60.o
 .debug_macro   0x0000103d       0xef Core/Src/STM_ENC28_J60.o
 .debug_macro   0x0000112c       0x6a Core/Src/STM_ENC28_J60.o
 .debug_macro   0x00001196      0x1df Core/Src/STM_ENC28_J60.o
 .debug_macro   0x00001375       0x1c Core/Src/STM_ENC28_J60.o
 .debug_macro   0x00001391       0x22 Core/Src/STM_ENC28_J60.o
 .debug_macro   0x000013b3       0xdf Core/Src/STM_ENC28_J60.o
 .debug_macro   0x00001492     0x102d Core/Src/STM_ENC28_J60.o
 .debug_macro   0x000024bf      0x11f Core/Src/STM_ENC28_J60.o
 .debug_macro   0x000025de    0x15e58 Core/Src/STM_ENC28_J60.o
 .debug_macro   0x00018436       0x6d Core/Src/STM_ENC28_J60.o
 .debug_macro   0x000184a3     0x3666 Core/Src/STM_ENC28_J60.o
 .debug_macro   0x0001bb09      0x174 Core/Src/STM_ENC28_J60.o
 .debug_macro   0x0001bc7d       0x5c Core/Src/STM_ENC28_J60.o
 .debug_macro   0x0001bcd9      0x96b Core/Src/STM_ENC28_J60.o
 .debug_macro   0x0001c644      0x9fe Core/Src/STM_ENC28_J60.o
 .debug_macro   0x0001d042      0x116 Core/Src/STM_ENC28_J60.o
 .debug_macro   0x0001d158      0x13e Core/Src/STM_ENC28_J60.o
 .debug_macro   0x0001d296       0xa5 Core/Src/STM_ENC28_J60.o
 .debug_macro   0x0001d33b      0x174 Core/Src/STM_ENC28_J60.o
 .debug_macro   0x0001d4af      0x287 Core/Src/STM_ENC28_J60.o
 .debug_macro   0x0001d736       0x5f Core/Src/STM_ENC28_J60.o
 .debug_macro   0x0001d795      0x236 Core/Src/STM_ENC28_J60.o
 .debug_macro   0x0001d9cb      0x12c Core/Src/STM_ENC28_J60.o
 .debug_macro   0x0001daf7      0x21e Core/Src/STM_ENC28_J60.o
 .debug_macro   0x0001dd15       0x2e Core/Src/STM_ENC28_J60.o
 .debug_macro   0x0001dd43      0x11a Core/Src/STM_ENC28_J60.o
 .debug_macro   0x0001de5d       0x7e Core/Src/STM_ENC28_J60.o
 .debug_macro   0x0001dedb       0x89 Core/Src/STM_ENC28_J60.o
 .debug_macro   0x0001df64      0x225 Core/Src/STM_ENC28_J60.o
 .debug_macro   0x0001e189      0x8d1 Core/Src/STM_ENC28_J60.o
 .debug_macro   0x0001ea5a       0x47 Core/Src/STM_ENC28_J60.o
 .debug_macro   0x0001eaa1      0x295 Core/Src/STM_ENC28_J60.o
 .debug_macro   0x0001ed36      0x12d Core/Src/STM_ENC28_J60.o
 .debug_macro   0x0001ee63      0x20e Core/Src/STM_ENC28_J60.o
 .debug_macro   0x0001f071       0x22 Core/Src/STM_ENC28_J60.o
 .debug_macro   0x0001f093      0x401 Core/Src/main.o
 .debug_macro   0x0001f494      0x169 Core/Src/main.o
 .debug_macro   0x0001f5fd       0x66 Core/Src/main.o
 .debug_macro   0x0001f663       0x74 Core/Src/main.o
 .debug_macro   0x0001f6d7       0xdd Core/Src/main.o
 .debug_macro   0x0001f7b4       0x5e Core/Src/main.o
 .debug_macro   0x0001f812       0x18 Core/Src/main.o
 .debug_macro   0x0001f82a       0x35 Core/Src/main.o
 .debug_macro   0x0001f85f       0x34 Core/Src/main.o
 .debug_macro   0x0001f893       0x58 Core/Src/main.o
 .debug_macro   0x0001f8eb       0x1f Core/Src/main.o
 .debug_macro   0x0001f90a       0x43 Core/Src/main.o
 .debug_macro   0x0001f94d       0x20 Core/Src/main.o
 .debug_macro   0x0001f96d      0x18e Core/Src/main.o
 .debug_macro   0x0001fafb      0x32a Core/Src/main.o
 .debug_macro   0x0001fe25       0x10 Core/Src/main.o
 .debug_macro   0x0001fe35       0x35 Core/Src/main.o
 .debug_macro   0x0001fe6a       0x1c Core/Src/main.o
 .debug_macro   0x0001fe86       0x10 Core/Src/main.o
 .debug_macro   0x0001fe96       0x10 Core/Src/main.o
 .debug_macro   0x0001fea6       0x1c Core/Src/main.o
 .debug_macro   0x0001fec2       0x52 Core/Src/main.o
 .debug_macro   0x0001ff14       0x40 Core/Src/main.o
 .debug_macro   0x0001ff54       0x10 Core/Src/main.o
 .debug_macro   0x0001ff64       0x40 Core/Src/main.o
 .debug_macro   0x0001ffa4       0xd7 Core/Src/main.o
 .debug_macro   0x0002007b       0x1c Core/Src/main.o
 .debug_macro   0x00020097       0x3d Core/Src/main.o
 .debug_macro   0x000200d4       0x16 Core/Src/main.o
 .debug_macro   0x000200ea      0x16f Core/Src/main.o
 .debug_macro   0x00020259      0x1e7 Core/Src/stm32f4xx_hal_msp.o
 .debug_macro   0x00020440      0x1d8 Core/Src/stm32f4xx_hal_timebase_tim.o
 .debug_macro   0x00020618      0x1f1 Core/Src/stm32f4xx_it.o
 .debug_macro   0x00020809      0x243 Core/Src/syscalls.o
 .debug_macro   0x00020a4c       0x58 Core/Src/syscalls.o
 .debug_macro   0x00020aa4       0x94 Core/Src/syscalls.o
 .debug_macro   0x00020b38       0x57 Core/Src/syscalls.o
 .debug_macro   0x00020b8f      0x330 Core/Src/syscalls.o
 .debug_macro   0x00020ebf       0x10 Core/Src/syscalls.o
 .debug_macro   0x00020ecf       0x10 Core/Src/syscalls.o
 .debug_macro   0x00020edf       0x10 Core/Src/syscalls.o
 .debug_macro   0x00020eef       0x35 Core/Src/syscalls.o
 .debug_macro   0x00020f24      0x122 Core/Src/syscalls.o
 .debug_macro   0x00021046       0x16 Core/Src/syscalls.o
 .debug_macro   0x0002105c       0x16 Core/Src/syscalls.o
 .debug_macro   0x00021072       0x29 Core/Src/syscalls.o
 .debug_macro   0x0002109b       0x10 Core/Src/syscalls.o
 .debug_macro   0x000210ab      0x241 Core/Src/syscalls.o
 .debug_macro   0x000212ec       0x10 Core/Src/syscalls.o
 .debug_macro   0x000212fc      0x189 Core/Src/syscalls.o
 .debug_macro   0x00021485       0x16 Core/Src/syscalls.o
 .debug_macro   0x0002149b       0x88 Core/Src/syscalls.o
 .debug_macro   0x00021523      0x1d8 Core/Src/system_stm32f4xx.o
 .debug_macro   0x000216fb      0x238 Drivers/STM32F4xx_HAL_Driver/Src/stm32f4xx_hal.o
 .debug_macro   0x00021933      0x1d8 Drivers/STM32F4xx_HAL_Driver/Src/stm32f4xx_hal_cortex.o
 .debug_macro   0x00021b0b      0x1de Drivers/STM32F4xx_HAL_Driver/Src/stm32f4xx_hal_gpio.o
 .debug_macro   0x00021ce9      0x1fc Drivers/STM32F4xx_HAL_Driver/Src/stm32f4xx_hal_rcc.o
 .debug_macro   0x00021ee5      0x1e7 Drivers/STM32F4xx_HAL_Driver/Src/stm32f4xx_hal_spi.o
 .debug_macro   0x000220cc      0x1d9 Drivers/STM32F4xx_HAL_Driver/Src/stm32f4xx_hal_tim.o
 .debug_macro   0x000222a5      0x1d8 Drivers/STM32F4xx_HAL_Driver/Src/stm32f4xx_hal_tim_ex.o
 .debug_macro   0x0002247d      0x1d9 Drivers/STM32F4xx_HAL_Driver/Src/stm32f4xx_hal_uart.o
 .debug_macro   0x00022656      0x3bd Middlewares/Third_Party/FreeRTOS/Source/CMSIS_RTOS_V2/cmsis_os2.o
 .debug_macro   0x00022a13       0x10 Middlewares/Third_Party/FreeRTOS/Source/CMSIS_RTOS_V2/cmsis_os2.o
 .debug_macro   0x00022a23       0xd3 Middlewares/Third_Party/FreeRTOS/Source/CMSIS_RTOS_V2/cmsis_os2.o
 .debug_macro   0x00022af6       0x91 Middlewares/Third_Party/FreeRTOS/Source/CMSIS_RTOS_V2/cmsis_os2.o
 .debug_macro   0x00022b87       0x8d Middlewares/Third_Party/FreeRTOS/Source/CMSIS_RTOS_V2/cmsis_os2.o
 .debug_macro   0x00022c14       0x9a Middlewares/Third_Party/FreeRTOS/Source/CMSIS_RTOS_V2/cmsis_os2.o
 .debug_macro   0x00022cae       0x22 Middlewares/Third_Party/FreeRTOS/Source/CMSIS_RTOS_V2/cmsis_os2.o
 .debug_macro   0x00022cd0       0x56 Middlewares/Third_Party/FreeRTOS/Source/CMSIS_RTOS_V2/cmsis_os2.o
 .debug_macro   0x00022d26      0x17a Middlewares/Third_Party/FreeRTOS/Source/list.o
 .debug_macro   0x00022ea0      0x204 Middlewares/Third_Party/FreeRTOS/Source/queue.o
 .debug_macro   0x000230a4       0x16 Middlewares/Third_Party/FreeRTOS/Source/queue.o
 .debug_macro   0x000230ba       0x87 Middlewares/Third_Party/FreeRTOS/Source/queue.o
 .debug_macro   0x00023141      0x26d Middlewares/Third_Party/FreeRTOS/Source/tasks.o
 .debug_macro   0x000233ae       0x10 Middlewares/Third_Party/FreeRTOS/Source/tasks.o
 .debug_macro   0x000233be      0x1cf Middlewares/Third_Party/FreeRTOS/Source/timers.o
 .debug_macro   0x0002358d       0x97 Middlewares/Third_Party/FreeRTOS/Source/timers.o
 .debug_macro   0x00023624      0x196 Middlewares/Third_Party/FreeRTOS/Source/portable/GCC/ARM_CM4F/port.o
 .debug_macro   0x000237ba      0x1a1 Middlewares/Third_Party/FreeRTOS/Source/portable/MemMang/heap_4.o

.debug_line     0x00000000    0x1113f
 .debug_line    0x00000000      0x805 Core/Src/STM_ENC28_J60.o
 .debug_line    0x00000805      0xb44 Core/Src/main.o
 .debug_line    0x00001349      0x746 Core/Src/stm32f4xx_hal_msp.o
 .debug_line    0x00001a8f      0x703 Core/Src/stm32f4xx_hal_timebase_tim.o
 .debug_line    0x00002192      0x742 Core/Src/stm32f4xx_it.o
 .debug_line    0x000028d4      0x5d6 Core/Src/syscalls.o
 .debug_line    0x00002eaa      0x6f5 Core/Src/system_stm32f4xx.o
 .debug_line    0x0000359f      0x8d3 Drivers/STM32F4xx_HAL_Driver/Src/stm32f4xx_hal.o
 .debug_line    0x00003e72      0x925 Drivers/STM32F4xx_HAL_Driver/Src/stm32f4xx_hal_cortex.o
 .debug_line    0x00004797      0x851 Drivers/STM32F4xx_HAL_Driver/Src/stm32f4xx_hal_gpio.o
 .debug_line    0x00004fe8      0x963 Drivers/STM32F4xx_HAL_Driver/Src/stm32f4xx_hal_rcc.o
 .debug_line    0x0000594b     0x1148 Drivers/STM32F4xx_HAL_Driver/Src/stm32f4xx_hal_spi.o
 .debug_line    0x00006a93     0x23fc Drivers/STM32F4xx_HAL_Driver/Src/stm32f4xx_hal_tim.o
 .debug_line    0x00008e8f     0x1320 Drivers/STM32F4xx_HAL_Driver/Src/stm32f4xx_hal_tim_ex.o
 .debug_line    0x0000a1af     0x1bfb Drivers/STM32F4xx_HAL_Driver/Src/stm32f4xx_hal_uart.o
 .debug_line    0x0000bdaa     0x1915 Middlewares/Third_Party/FreeRTOS/Source/CMSIS_RTOS_V2/cmsis_os2.o
 .debug_line    0x0000d6bf      0x568 Middlewares/Third_Party/FreeRTOS/Source/list.o
 .debug_line    0x0000dc27      0xd81 Middlewares/Third_Party/FreeRTOS/Source/queue.o
 .debug_line    0x0000e9a8     0x11fb Middlewares/Third_Party/FreeRTOS/Source/tasks.o
 .debug_line    0x0000fba3      0x8ac Middlewares/Third_Party/FreeRTOS/Source/timers.o
 .debug_line    0x0001044f      0x61f Middlewares/Third_Party/FreeRTOS/Source/portable/GCC/ARM_CM4F/port.o
 .debug_line    0x00010a6e      0x650 Middlewares/Third_Party/FreeRTOS/Source/portable/MemMang/heap_4.o
 .debug_line    0x000110be       0x81 startup/startup_stm32f407xx.o

.debug_str      0x00000000    0xd8408
 .debug_str     0x00000000    0xc5325 Core/Src/STM_ENC28_J60.o
                              0xc561e (size before relaxing)
 .debug_str     0x000c5325     0x9356 Core/Src/main.o
                              0xce984 (size before relaxing)
 .debug_str     0x000ce67b      0x573 Core/Src/stm32f4xx_hal_msp.o
                              0xc571c (size before relaxing)
 .debug_str     0x000cebee      0x111 Core/Src/stm32f4xx_hal_timebase_tim.o
                              0xc56b2 (size before relaxing)
 .debug_str     0x000cecff       0xb9 Core/Src/stm32f4xx_it.o
                              0xc5034 (size before relaxing)
 .debug_str     0x000cedb8     0x10af Core/Src/syscalls.o
                               0x859d (size before relaxing)
 .debug_str     0x000cfe67       0xaf Core/Src/system_stm32f4xx.o
                              0xc4ba9 (size before relaxing)
 .debug_str     0x000cff16      0x544 Drivers/STM32F4xx_HAL_Driver/Src/stm32f4xx_hal.o
                              0xc56d0 (size before relaxing)
 .debug_str     0x000d045a      0x331 Drivers/STM32F4xx_HAL_Driver/Src/stm32f4xx_hal_cortex.o
                              0xc547a (size before relaxing)
 .debug_str     0x000d078b      0x11c Drivers/STM32F4xx_HAL_Driver/Src/stm32f4xx_hal_gpio.o
                              0xc4d50 (size before relaxing)
 .debug_str     0x000d08a7      0x1fd Drivers/STM32F4xx_HAL_Driver/Src/stm32f4xx_hal_rcc.o
                              0xc4fd2 (size before relaxing)
 .debug_str     0x000d0aa4      0x57c Drivers/STM32F4xx_HAL_Driver/Src/stm32f4xx_hal_spi.o
                              0xc5489 (size before relaxing)
 .debug_str     0x000d1020      0xe24 Drivers/STM32F4xx_HAL_Driver/Src/stm32f4xx_hal_tim.o
                              0xc5f2b (size before relaxing)
 .debug_str     0x000d1e44      0x520 Drivers/STM32F4xx_HAL_Driver/Src/stm32f4xx_hal_tim_ex.o
                              0xc572c (size before relaxing)
 .debug_str     0x000d2364      0x5e1 Drivers/STM32F4xx_HAL_Driver/Src/stm32f4xx_hal_uart.o
                              0xc55a8 (size before relaxing)
 .debug_str     0x000d2945     0x3015 Middlewares/Third_Party/FreeRTOS/Source/CMSIS_RTOS_V2/cmsis_os2.o
                              0xcf173 (size before relaxing)
 .debug_str     0x000d595a      0x12d Middlewares/Third_Party/FreeRTOS/Source/list.o
                               0xa3fb (size before relaxing)
 .debug_str     0x000d5a87      0x892 Middlewares/Third_Party/FreeRTOS/Source/queue.o
                               0xbef8 (size before relaxing)
 .debug_str     0x000d6319     0x106a Middlewares/Third_Party/FreeRTOS/Source/tasks.o
                               0xc9a4 (size before relaxing)
 .debug_str     0x000d7383      0x5af Middlewares/Third_Party/FreeRTOS/Source/timers.o
                               0xc46d (size before relaxing)
 .debug_str     0x000d7932      0x783 Middlewares/Third_Party/FreeRTOS/Source/portable/GCC/ARM_CM4F/port.o
                               0x85bf (size before relaxing)
 .debug_str     0x000d80b5      0x324 Middlewares/Third_Party/FreeRTOS/Source/portable/MemMang/heap_4.o
                               0xad32 (size before relaxing)
 .debug_str     0x000d83d9       0x2f startup/startup_stm32f407xx.o
                                 0x5d (size before relaxing)

.comment        0x00000000       0x7f
 .comment       0x00000000       0x7f Core/Src/STM_ENC28_J60.o
                                 0x80 (size before relaxing)
 .comment       0x0000007f       0x80 Core/Src/main.o
 .comment       0x0000007f       0x80 Core/Src/stm32f4xx_hal_msp.o
 .comment       0x0000007f       0x80 Core/Src/stm32f4xx_hal_timebase_tim.o
 .comment       0x0000007f       0x80 Core/Src/stm32f4xx_it.o
 .comment       0x0000007f       0x80 Core/Src/syscalls.o
 .comment       0x0000007f       0x80 Core/Src/system_stm32f4xx.o
 .comment       0x0000007f       0x80 Drivers/STM32F4xx_HAL_Driver/Src/stm32f4xx_hal.o
 .comment       0x0000007f       0x80 Drivers/STM32F4xx_HAL_Driver/Src/stm32f4xx_hal_cortex.o
 .comment       0x0000007f       0x80 Drivers/STM32F4xx_HAL_Driver/Src/stm32f4xx_hal_gpio.o
 .comment       0x0000007f       0x80 Drivers/STM32F4xx_HAL_Driver/Src/stm32f4xx_hal_rcc.o
 .comment       0x0000007f       0x80 Drivers/STM32F4xx_HAL_Driver/Src/stm32f4xx_hal_spi.o
 .comment       0x0000007f       0x80 Drivers/STM32F4xx_HAL_Driver/Src/stm32f4xx_hal_tim.o
 .comment       0x0000007f       0x80 Drivers/STM32F4xx_HAL_Driver/Src/stm32f4xx_hal_tim_ex.o
 .comment       0x0000007f       0x80 Drivers/STM32F4xx_HAL_Driver/Src/stm32f4xx_hal_uart.o
 .comment       0x0000007f       0x80 Middlewares/Third_Party/FreeRTOS/Source/CMSIS_RTOS_V2/cmsis_os2.o
 .comment       0x0000007f       0x80 Middlewares/Third_Party/FreeRTOS/Source/list.o
 .comment       0x0000007f       0x80 Middlewares/Third_Party/FreeRTOS/Source/queue.o
 .comment       0x0000007f       0x80 Middlewares/Third_Party/FreeRTOS/Source/tasks.o
 .comment       0x0000007f       0x80 Middlewares/Third_Party/FreeRTOS/Source/timers.o
 .comment       0x0000007f       0x80 Middlewares/Third_Party/FreeRTOS/Source/portable/GCC/ARM_CM4F/port.o
 .comment       0x0000007f       0x80 Middlewares/Third_Party/FreeRTOS/Source/portable/MemMang/heap_4.o

.debug_frame    0x00000000     0x43b0
 .debug_frame   0x00000000      0x164 Core/Src/STM_ENC28_J60.o
 .debug_frame   0x00000164      0x110 Core/Src/main.o
 .debug_frame   0x00000274       0x9c Core/Src/stm32f4xx_hal_msp.o
 .debug_frame   0x00000310       0x50 Core/Src/stm32f4xx_hal_timebase_tim.o
 .debug_frame   0x00000360       0x88 Core/Src/stm32f4xx_it.o
 .debug_frame   0x000003e8      0x1a8 Core/Src/syscalls.o
 .debug_frame   0x00000590       0x30 Core/Src/system_stm32f4xx.o
 .debug_frame   0x000005c0      0x1ec Drivers/STM32F4xx_HAL_Driver/Src/stm32f4xx_hal.o
 .debug_frame   0x000007ac      0x15c Drivers/STM32F4xx_HAL_Driver/Src/stm32f4xx_hal_cortex.o
 .debug_frame   0x00000908       0xd8 Drivers/STM32F4xx_HAL_Driver/Src/stm32f4xx_hal_gpio.o
 .debug_frame   0x000009e0      0x184 Drivers/STM32F4xx_HAL_Driver/Src/stm32f4xx_hal_rcc.o
 .debug_frame   0x00000b64      0x5a0 Drivers/STM32F4xx_HAL_Driver/Src/stm32f4xx_hal_spi.o
 .debug_frame   0x00001104      0xb94 Drivers/STM32F4xx_HAL_Driver/Src/stm32f4xx_hal_tim.o
 .debug_frame   0x00001c98      0x47c Drivers/STM32F4xx_HAL_Driver/Src/stm32f4xx_hal_tim_ex.o
 .debug_frame   0x00002114      0x5c8 Drivers/STM32F4xx_HAL_Driver/Src/stm32f4xx_hal_uart.o
 .debug_frame   0x000026dc      0x900 Middlewares/Third_Party/FreeRTOS/Source/CMSIS_RTOS_V2/cmsis_os2.o
 .debug_frame   0x00002fdc       0x6c Middlewares/Third_Party/FreeRTOS/Source/list.o
 .debug_frame   0x00003048      0x434 Middlewares/Third_Party/FreeRTOS/Source/queue.o
 .debug_frame   0x0000347c      0x67c Middlewares/Third_Party/FreeRTOS/Source/tasks.o
 .debug_frame   0x00003af8      0x2fc Middlewares/Third_Party/FreeRTOS/Source/timers.o
 .debug_frame   0x00003df4      0x100 Middlewares/Third_Party/FreeRTOS/Source/portable/GCC/ARM_CM4F/port.o
 .debug_frame   0x00003ef4       0xcc Middlewares/Third_Party/FreeRTOS/Source/portable/MemMang/heap_4.o
 .debug_frame   0x00003fc0       0x2c d:/ac6/systemworkbench/plugins/fr.ac6.mcu.externaltools.arm-none.win32_1.17.0.201812190825/tools/compiler/bin/../lib/gcc/arm-none-eabi/7.3.1/thumb/v7e-m/fpv4-sp/hard\libgcc.a(_aeabi_uldivmod.o)
 .debug_frame   0x00003fec       0x34 d:/ac6/systemworkbench/plugins/fr.ac6.mcu.externaltools.arm-none.win32_1.17.0.201812190825/tools/compiler/bin/../lib/gcc/arm-none-eabi/7.3.1/thumb/v7e-m/fpv4-sp/hard\libgcc.a(_udivmoddi4.o)
 .debug_frame   0x00004020       0x20 d:/ac6/systemworkbench/plugins/fr.ac6.mcu.externaltools.arm-none.win32_1.17.0.201812190825/tools/compiler/bin/../lib/gcc/arm-none-eabi/7.3.1/../../../../arm-none-eabi/lib/thumb/v7e-m/fpv4-sp/hard\libc_nano.a(lib_a-errno.o)
 .debug_frame   0x00004040       0x2c d:/ac6/systemworkbench/plugins/fr.ac6.mcu.externaltools.arm-none.win32_1.17.0.201812190825/tools/compiler/bin/../lib/gcc/arm-none-eabi/7.3.1/../../../../arm-none-eabi/lib/thumb/v7e-m/fpv4-sp/hard\libc_nano.a(lib_a-init.o)
 .debug_frame   0x0000406c       0x28 d:/ac6/systemworkbench/plugins/fr.ac6.mcu.externaltools.arm-none.win32_1.17.0.201812190825/tools/compiler/bin/../lib/gcc/arm-none-eabi/7.3.1/../../../../arm-none-eabi/lib/thumb/v7e-m/fpv4-sp/hard\libc_nano.a(lib_a-memcpy-stub.o)
 .debug_frame   0x00004094       0x20 d:/ac6/systemworkbench/plugins/fr.ac6.mcu.externaltools.arm-none.win32_1.17.0.201812190825/tools/compiler/bin/../lib/gcc/arm-none-eabi/7.3.1/../../../../arm-none-eabi/lib/thumb/v7e-m/fpv4-sp/hard\libc_nano.a(lib_a-memset.o)
 .debug_frame   0x000040b4       0x6c d:/ac6/systemworkbench/plugins/fr.ac6.mcu.externaltools.arm-none.win32_1.17.0.201812190825/tools/compiler/bin/../lib/gcc/arm-none-eabi/7.3.1/../../../../arm-none-eabi/lib/thumb/v7e-m/fpv4-sp/hard\libc_nano.a(lib_a-sprintf.o)
 .debug_frame   0x00004120       0x90 d:/ac6/systemworkbench/plugins/fr.ac6.mcu.externaltools.arm-none.win32_1.17.0.201812190825/tools/compiler/bin/../lib/gcc/arm-none-eabi/7.3.1/../../../../arm-none-eabi/lib/thumb/v7e-m/fpv4-sp/hard\libc_nano.a(lib_a-nano-svfprintf.o)
 .debug_frame   0x000041b0       0x60 d:/ac6/systemworkbench/plugins/fr.ac6.mcu.externaltools.arm-none.win32_1.17.0.201812190825/tools/compiler/bin/../lib/gcc/arm-none-eabi/7.3.1/../../../../arm-none-eabi/lib/thumb/v7e-m/fpv4-sp/hard\libc_nano.a(lib_a-nano-vfprintf_i.o)
 .debug_frame   0x00004210       0x28 d:/ac6/systemworkbench/plugins/fr.ac6.mcu.externaltools.arm-none.win32_1.17.0.201812190825/tools/compiler/bin/../lib/gcc/arm-none-eabi/7.3.1/../../../../arm-none-eabi/lib/thumb/v7e-m/fpv4-sp/hard\libc_nano.a(lib_a-memmove.o)
 .debug_frame   0x00004238       0x38 d:/ac6/systemworkbench/plugins/fr.ac6.mcu.externaltools.arm-none.win32_1.17.0.201812190825/tools/compiler/bin/../lib/gcc/arm-none-eabi/7.3.1/../../../../arm-none-eabi/lib/thumb/v7e-m/fpv4-sp/hard\libc_nano.a(lib_a-nano-freer.o)
 .debug_frame   0x00004270       0x2c d:/ac6/systemworkbench/plugins/fr.ac6.mcu.externaltools.arm-none.win32_1.17.0.201812190825/tools/compiler/bin/../lib/gcc/arm-none-eabi/7.3.1/../../../../arm-none-eabi/lib/thumb/v7e-m/fpv4-sp/hard\libc_nano.a(lib_a-nano-mallocr.o)
 .debug_frame   0x0000429c       0x3c d:/ac6/systemworkbench/plugins/fr.ac6.mcu.externaltools.arm-none.win32_1.17.0.201812190825/tools/compiler/bin/../lib/gcc/arm-none-eabi/7.3.1/../../../../arm-none-eabi/lib/thumb/v7e-m/fpv4-sp/hard\libc_nano.a(lib_a-nano-reallocr.o)
 .debug_frame   0x000042d8       0x2c d:/ac6/systemworkbench/plugins/fr.ac6.mcu.externaltools.arm-none.win32_1.17.0.201812190825/tools/compiler/bin/../lib/gcc/arm-none-eabi/7.3.1/../../../../arm-none-eabi/lib/thumb/v7e-m/fpv4-sp/hard\libc_nano.a(lib_a-sbrkr.o)
 .debug_frame   0x00004304       0x30 d:/ac6/systemworkbench/plugins/fr.ac6.mcu.externaltools.arm-none.win32_1.17.0.201812190825/tools/compiler/bin/../lib/gcc/arm-none-eabi/7.3.1/../../../../arm-none-eabi/lib/thumb/v7e-m/fpv4-sp/hard\libc_nano.a(lib_a-mlock.o)
 .debug_frame   0x00004334       0x20 d:/ac6/systemworkbench/plugins/fr.ac6.mcu.externaltools.arm-none.win32_1.17.0.201812190825/tools/compiler/bin/../lib/gcc/arm-none-eabi/7.3.1/../../../../arm-none-eabi/lib/thumb/v7e-m/fpv4-sp/hard\libc_nano.a(lib_a-nano-msizer.o)
 .debug_frame   0x00004354       0x5c d:/ac6/systemworkbench/plugins/fr.ac6.mcu.externaltools.arm-none.win32_1.17.0.201812190825/tools/compiler/bin/../lib/gcc/arm-none-eabi/7.3.1/../../../../arm-none-eabi/lib/thumb/v7e-m/fpv4-sp/hard\libc_nano.a(lib_a-reent.o)